******************************************************************************
                  TI ARM Linker PC v5.2.5                      
******************************************************************************
>> Linked Mon Feb 22 18:48:23 2016

OUTPUT FILE NAME:   <safeti_test.out>
ENTRY POINT SYMBOL: "_c_int00"  address: 0000acb0


MEMORY CONFIGURATION

         name            origin    length      used     unused   attr    fill
----------------------  --------  ---------  --------  --------  ----  --------
  VECTORS               00000000   00000020  00000020  00000000     X
  FLASH0                00000020   0013ffe0  0000b90c  001346d4  R  X
  STACKS                08000000   00001500  00000000  00001500  RW  
  RAM                   08001500   0002eb00  000001ed  0002e913  RW  


SEGMENT ALLOCATION MAP

run origin  load origin   length   init length attrs members
----------  ----------- ---------- ----------- ----- -------
00000000    00000000    0000b930   0000b930    r-x
  00000000    00000000    00000020   00000020    r-x .intvecs
  00000020    00000020    0000b6b4   0000b6b4    r-x .text
  0000b6d4    0000b6d4    00000200   00000200    r-- .const
  0000b8d8    0000b8d8    00000058   00000058    r-- .cinit
08001500    08001500    000001f0   00000000    rw-
  08001500    08001500    00000188   00000000    rw- LOG_DATA
  08001688    08001688    00000005   00000000    rw- .bss
  08001690    08001690    00000060   00000000    rw- .data


SECTION ALLOCATION MAP

 output                                  attributes/
section   page    origin      length       input sections
--------  ----  ----------  ----------   ----------------
.intvecs   0    00000000    00000020     
                  00000000    00000020     sys_intvecs.obj (.intvecs)

.text      0    00000020    0000b6b4     
                  00000020    00003ab0     sl_selftest.obj (.text)
                  00003ad0    00002cdc     sys_selftest.obj (.text)
                  000067ac    00000b2c     system.obj (.text)
                  000072d8    00000a54     sys_vim.obj (.text)
                  00007d2c    000008ac     pinmux.obj (.text)
                  000085d8    000005e8     esm.obj (.text)
                  00008bc0    000005d4     sl_esm.obj (.text)
                  00009194    00000484     gio.obj (.text)
                  00009618    0000041c     sl_priv.obj (.text)
                  00009a34    00000410     sys_startup.obj (.text)
                  00009e44    000003d4     sl_init.obj (.text)
                  0000a218    000003cc     sys_core.obj (.text)
                  0000a5e4    000002dc     sys_vim.obj (.text:retain)
                  0000a8c0    0000021c     notification.obj (.text)
                  0000aadc    000001d4     sl_asm_api.obj (.text)
                  0000acb0    000001c8     sys_startup.obj (.text:retain)
                  0000ae78    00000118     sl_esm.obj (.text:retain)
                  0000af90    00000114     esm.obj (.text:retain)
                  0000b0a4    00000110     sys_pmu.obj (.text)
                  0000b1b4    000000e8     dabort.obj (.text)
                  0000b29c    000000c4     sl_log.obj (.text)
                  0000b360    0000009c     rtsv7R4_T_be_v3D16_eabi.lib : memcpy_t2.obj (.text)
                  0000b3fc    0000007a                                 : memset_t2.obj (.text)
                  0000b476    00000002                                 : i_div0.obj (.text)
                  0000b478    0000006c                                 : autoinit.obj (.text)
                  0000b4e4    0000006c     sys_main.obj (.text)
                  0000b550    0000006a     rtsv7R4_T_be_v3D16_eabi.lib : copy_decompress_rle.obj (.text)
                  0000b5ba    00000002     --HOLE-- [fill = 0]
                  0000b5bc    00000054                                 : i_div32.obj (.text)
                  0000b610    0000004c                                 : cpy_tbl.obj (.text)
                  0000b65c    00000040                                 : exit.obj (.text)
                  0000b69c    00000014                                 : _lock.obj (.text)
                  0000b6b0    0000000e                                 : copy_decompress_none.obj (.text:decompress:none)
                  0000b6be    0000000c                                 : copy_zero_init.obj (.text:decompress:ZI)
                  0000b6ca    00000006                                 : copy_decompress_rle.obj (.text:decompress:rle24)
                  0000b6d0    00000004     sys_phantom.obj (.text:retain)

.const     0    0000b6d4    00000200     
                  0000b6d4    00000200     sys_vim.obj (.const:s_vim_init)

.cinit     0    0000b8d8    00000058     
                  0000b8d8    00000012     (.cinit..data.load) [load image, compression = rle]
                  0000b8ea    00000006     --HOLE-- [fill = 0]
                  0000b8f0    00000012     (.cinit.LOG_DATA.load) [load image, compression = rle]
                  0000b902    00000002     --HOLE-- [fill = 0]
                  0000b904    0000000c     (__TI_handler_table)
                  0000b910    00000008     (.cinit..bss.load) [load image, compression = zero_init]
                  0000b918    00000018     (__TI_cinit_table)

LOG_DATA   0    08001500    00000188     UNINITIALIZED
                  08001500    00000180     sl_log.obj (LOG_DATA:uninit)
                  08001680    00000008     sl_log.obj (LOG_DATA:init)

.bss       0    08001688    00000005     UNINITIALIZED
                  08001688    00000004     (.common:ESM_AppCallback)
                  0800168c    00000001     (.common:resetReason)

.TI.noinit 
*          0    08001688    00000000     UNINITIALIZED

.data      0    08001690    00000060     UNINITIALIZED
                  08001690    0000002c     sl_priv.obj (.data:sl_priv_flag_set)
                  080016bc    00000004     sl_esm.obj (.data)
                  080016c0    00000020     sl_selftest.obj (.data)
                  080016e0    00000008     rtsv7R4_T_be_v3D16_eabi.lib : _lock.obj (.data)
                  080016e8    00000008                                 : exit.obj (.data)

.TI.persistent 
*          0    08001690    00000000     UNINITIALIZED


LINKER GENERATED COPY TABLES

__TI_cinit_table @ 0000b918 records: 3, size/record: 8, table size: 24
	.data: load addr=0000b8d8, load size=00000012 bytes, run addr=08001690, run size=00000060 bytes, compression=rle
	LOG_DATA: load addr=0000b8f0, load size=00000012 bytes, run addr=08001500, run size=00000188 bytes, compression=rle
	.bss: load addr=0000b910, load size=00000008 bytes, run addr=08001688, run size=00000005 bytes, compression=zero_init


LINKER GENERATED HANDLER TABLE

__TI_handler_table @ 0000b904 records: 3, size/record: 4, table size: 12
	index: 0, handler: __TI_zero_init
	index: 1, handler: __TI_decompress_rle24
	index: 2, handler: __TI_decompress_none


GLOBAL SYMBOLS: SORTED ALPHABETICALLY BY Name 

address   name                                  
-------   ----                                  
0000b65d  C$$EXIT                               
UNDEFED   SHT$$INIT_ARRAY$$Base                 
UNDEFED   SHT$$INIT_ARRAY$$Limit                
00008bc0  SL_ESM_Init                           
00008bf4  SL_ESM_nERROR_Active                  
00009648  SL_FLAG_CLEAR                         
0000966c  SL_FLAG_GET                           
00009618  SL_FLAG_SET                           
00009f48  SL_Init_ECCFlash                      
00009e44  SL_Init_ECCTCMRAM                     
0000a010  SL_Init_Memory                        
0000ab88  SL_Init_R4Registers                   
0000a088  SL_Init_ResetReason                   
0000a17c  SL_Init_ResetReason_XInfo             
0000b29c  SL_Log_Error                          
000039b4  SL_SelfTestL2L3Interconnect           
00003348  SL_SelfTest_ADC                       
00002b08  SL_SelfTest_CCMR4F                    
00002800  SL_SelfTest_EFuse                     
00001468  SL_SelfTest_FEE                       
00000bd4  SL_SelfTest_Flash                     
00001cf0  SL_SelfTest_PBIST                     
00002074  SL_SelfTest_PBIST_StopExec            
00002388  SL_SelfTest_PSCON                     
00000028  SL_SelfTest_SRAM                      
000020a0  SL_SelfTest_STC                       
00002e94  SL_SelfTest_Status_CCMR4F             
00002a28  SL_SelfTest_Status_EFuse              
00001ec8  SL_SelfTest_Status_PBIST              
00002738  SL_SelfTest_Status_PSCON              
00002230  SL_SelfTest_Status_STC                
00002048  SL_SelfTest_WaitCompletion_PBIST      
00003014  SL_adcCalibration                     
000099b4  _SL_Approximate_value                 
0000aca4  _SL_Barrier_Data_Access               
0000ab2c  _SL_Disable_IRQ                       
0000ab6c  _SL_Get_ARM_Mode                      
0000ab80  _SL_Get_DataFault_Address             
0000ab78  _SL_Get_DataFault_Status              
00009968  _SL_HoldNClear_nError                 
0000aadc  _SL_Init_ECCFlash                     
0000ab10  _SL_Init_ECCTCMRAM                    
0000aaf8  _SL_Init_EnableEventExport            
0000ac9c  _SL_Kickoff_STC_execution             
08001500  _SL_Log_Error_Buffer                  
08001684  _SL_Log_Error_Index                   
0000ab4c  _SL_Restore_IRQ                       
0000968c  _SL_SelfTest_SRAM_RAD                 
000097a0  _SL_SelfTest_adcGetSingleData         
000098e4  _SL_SelfTest_adcIsConversionComplete  
00009858  _SL_SelfTest_adcStartConversion_selChn
0000b918  __TI_CINIT_Base                       
0000b930  __TI_CINIT_Limit                      
0000b904  __TI_Handler_Table_Base               
0000b910  __TI_Handler_Table_Limit              
0000a5dc  __TI_PINIT_Base                       
0000a5e0  __TI_PINIT_Limit                      
0000b479  __TI_auto_init                        
080016e8  __TI_cleanup_ptr                      
0000b6b1  __TI_decompress_none                  
0000b6cb  __TI_decompress_rle24                 
080016ec  __TI_dtors_ptr                        
00000000  __TI_static_base__                    
0000b6bf  __TI_zero_init                        
0000b5bc  __aeabi_idiv                          
0000b477  __aeabi_idiv0                         
0000b5bc  __aeabi_idivmod                       
0000b3fd  __aeabi_memclr                        
0000b3fd  __aeabi_memclr4                       
0000b3fd  __aeabi_memclr8                       
0000b361  __aeabi_memcpy                        
0000b361  __aeabi_memcpy4                       
0000b361  __aeabi_memcpy8                       
0000b3ff  __aeabi_memset                        
0000b3ff  __aeabi_memset4                       
0000b3ff  __aeabi_memset8                       
ffffffff  __binit__                             
ffffffff  __c_args__                            
0000acb0  _c_int00                              
0000a4d4  _coreClearAuxiliaryDataFault_         
0000a4f0  _coreClearAuxiliaryInstructionFault_  
0000a49c  _coreClearDataFaultAddress_           
0000a464  _coreClearDataFault_                  
0000a4b8  _coreClearInstructionFaultAddress_    
0000a480  _coreClearInstructionFault_           
0000a3c8  _coreDisableEventBusExport_           
0000a42c  _coreDisableFlashEcc_                 
0000a3f8  _coreDisableRamEcc_                   
0000a3b0  _coreEnableEventBusExport_            
0000a410  _coreEnableFlashEcc_                  
0000a444  _coreEnableIrqVicOffset_              
0000a3e0  _coreEnableRamEcc_                    
0000a390  _coreEnableVfp_                       
0000a4cc  _coreGetAuxiliaryDataFault_           
0000a4e8  _coreGetAuxiliaryInstructionFault_    
0000a494  _coreGetDataFaultAddress_             
0000a45c  _coreGetDataFault_                    
0000a4b0  _coreGetInstructionFaultAddress_      
0000a478  _coreGetInstructionFault_             
0000a218  _coreInitRegisters_                   
0000a324  _coreInitStackPointer_                
0000b1b4  _dabort                               
0000a50c  _disable_FIQ_interrupt_               
0000a514  _disable_IRQ_interrupt_               
0000a504  _disable_interrupt_                   
0000a51c  _enable_interrupt_                    
0000a5ac  _errata_CORTEXR4_57_                  
0000a5c4  _errata_CORTEXR4_66_                  
0000a524  _esmCcmErrorsClear_                   
0000a370  _getCPSRValue_                        
0000a378  _gotoCPUIdle_                         
080016e0  _lock                                 
0000b6ab  _nop                                  
0000b110  _pmuDisableCountersGlobal_            
0000b0f8  _pmuEnableCountersGlobal_             
0000b18c  _pmuGetCycleCount_                    
0000b194  _pmuGetEventCount_                    
0000b1a0  _pmuGetOverflow_                      
0000b0a4  _pmuInit_                             
0000b158  _pmuResetCounters_                    
0000b128  _pmuResetCycleCounter_                
0000b140  _pmuResetEventCounters_               
0000b180  _pmuSetCountEvent_                    
0000b170  _pmuStartCounters_                    
0000b178  _pmuStopCounters_                     
0000b6a3  _register_lock                        
0000b69d  _register_unlock                      
080016e4  _unlock                               
0000b661  abort                                 
00004d1c  adc1ParityCheck                       
00004e08  adc2ParityCheck                       
0000a928  adcNotification                       
00009a34  afterSTC                              
ffffffff  binit                                 
00004ec0  can1ParityCheck                       
00004f98  can2ParityCheck                       
00005060  can3ParityCheck                       
0000a93c  canErrorNotification                  
0000a964  canMessageNotification                
0000a950  canStatusChangeNotification           
00003ae0  ccmSelfCheck                          
000061ac  ccmr4GetConfigValue                   
000043e8  checkB0RAMECC                         
000045d8  checkB1RAMECC                         
000056c8  checkClockMonitor                     
000047c8  checkFlashECC                         
000057a4  checkFlashEEPROMECC                   
0000593c  checkPLL1Slip                         
00005a3c  checkPLL2Slip                         
00005b00  checkRAMAddrParity                    
00005480  checkRAMECC                           
00005c0c  checkRAMUERRTest                      
0000426c  checkefcSelfTest                      
0000b611  copy_in                               
00003ce4  cpuSelfTest                           
000048ac  cpuSelfTestFail                       
0000aa68  crcNotification                       
000048a4  custom_dabort                         
0000a978  dccNotification                       
00006608  disableParity                         
0000aac8  dmaGroupANotification                 
0000495c  dmaParityCheck                        
0000aab4  ecapNotification                      
0000aa40  edgeNotification                      
00004110  efcCheck                              
00006110  efcGetConfigValue                     
00004244  efcSelfTest                           
00004198  efcStuckZeroTest                      
00006580  enableParity                          
0000aaa0  eqepNotification                      
0000621c  errata_PBIST_4                        
00008764  esmActivateNormalOperation            
00009e18  esmCallBackFunction                   
00008848  esmClearStatus                        
00008894  esmClearStatusBuffer                  
00008728  esmDisableError                       
000087a0  esmDisableInterrupt                   
000086fc  esmEnableError                        
00008774  esmEnableInterrupt                    
00008994  esmEnterSelfTest                      
000086e0  esmError                              
00008a6c  esmGetConfigValue                     
000088d0  esmGetStatus                          
0000895c  esmGetStatusBuffer                    
0000a8c0  esmGroup1Notification                 
0000a8d0  esmGroup2Notification                 
0000af90  esmHighInterrupt                      
000085d8  esmInit                               
00008a1c  esmSelfTestStatus                     
000088b0  esmSetCounterPreloadValue             
000087cc  esmSetInterruptLevel                  
00008754  esmTriggerErrorPinReset               
0000aa7c  etpwmNotification                     
0000aa8c  etpwmTripNotification                 
0000b669  exit                                  
00005d74  fmcBus1ParityCheck                    
0000430c  fmcBus2Check                          
00004348  fmcECCcheck                           
000093f4  gioDisableNotification                
0000938c  gioEnableNotification                 
000092f4  gioGetBit                             
0000945c  gioGetConfigValue                     
0000931c  gioGetPort                            
00009194  gioInit                               
0000a98c  gioNotification                       
00009284  gioSetBit                             
00009264  gioSetDirection                       
000092d4  gioSetPort                            
00009334  gioToggleBit                          
00004a08  het1ParityCheck                       
00004b70  het2ParityCheck                       
0000aa54  hetNotification                       
00004ab4  htu1ParityCheck                       
00004c6c  htu2ParityCheck                       
0000a9a0  i2cNotification                       
0000a9b4  linNotification                       
0000b4e4  main                                  
000068e8  mapClocks                             
0000b361  memcpy                                
00003c24  memoryInit                            
0000a8e0  memoryPort0TestFailNotification       
0000a8fc  memoryPort1TestFailNotification       
0000b405  memset                                
00005134  mibspi1ParityCheck                    
0000523c  mibspi3ParityCheck                    
00005360  mibspi5ParityCheck                    
0000a9dc  mibspiGroupNotification               
0000a9c8  mibspiNotification                    
00007d2c  muxInit                               
00005e9c  pbistFail                             
00005f20  pbistGetConfigValue                   
00004058  pbistIsTestCompleted                  
00004084  pbistIsTestPassed                     
000040b8  pbistPortTestStatus                   
00003f5c  pbistRun                              
00003d7c  pbistSelfCheck                        
00004028  pbistStop                             
00006894  periphInit                            
0000b6d0  phantomInterrupt                      
000081c8  pinmuxGetConfigValue                  
0000aa28  pwmNotification                       
00000000  resetEntry                            
0800168c  resetReason                           
0000a918  rtiNotification                       
0000a9f0  sciNotification                       
00003ad0  selftestFailNotification              
00006854  setupFlash                            
000067ac  setupPLL                              
08001690  sl_priv_flag_set                      
0000aa18  spiEndNotification                    
0000aa04  spiNotification                       
080016c0  sramEccTestBuff                       
000070d0  sramGetConfigValue                    
0000606c  stcGetConfigValue                     
00003c68  stcSelfCheck                          
000048a8  stcSelfCheckFail                      
00006b10  systemGetConfigValue                  
00006a10  systemInit                            
00006ae0  systemPowerDown                       
00006f24  tcmflashGetConfigValue                
0000680c  trimLPO                               
08001688  ulLOGEndAddr                          
08001500  ulLOGStartAddr                        
000073ac  vimChannelMap                         
00007618  vimDisableInterrupt                   
00007450  vimEnableInterrupt                    
000076c4  vimGetConfigValue                     
000072d8  vimInit                               
000048b0  vimParityCheck                        
0000a5e4  vimParityErrorHandler                 


GLOBAL SYMBOLS: SORTED BY Symbol Address 

address   name                                  
-------   ----                                  
00000000  __TI_static_base__                    
00000000  resetEntry                            
00000028  SL_SelfTest_SRAM                      
00000bd4  SL_SelfTest_Flash                     
00001468  SL_SelfTest_FEE                       
00001cf0  SL_SelfTest_PBIST                     
00001ec8  SL_SelfTest_Status_PBIST              
00002048  SL_SelfTest_WaitCompletion_PBIST      
00002074  SL_SelfTest_PBIST_StopExec            
000020a0  SL_SelfTest_STC                       
00002230  SL_SelfTest_Status_STC                
00002388  SL_SelfTest_PSCON                     
00002738  SL_SelfTest_Status_PSCON              
00002800  SL_SelfTest_EFuse                     
00002a28  SL_SelfTest_Status_EFuse              
00002b08  SL_SelfTest_CCMR4F                    
00002e94  SL_SelfTest_Status_CCMR4F             
00003014  SL_adcCalibration                     
00003348  SL_SelfTest_ADC                       
000039b4  SL_SelfTestL2L3Interconnect           
00003ad0  selftestFailNotification              
00003ae0  ccmSelfCheck                          
00003c24  memoryInit                            
00003c68  stcSelfCheck                          
00003ce4  cpuSelfTest                           
00003d7c  pbistSelfCheck                        
00003f5c  pbistRun                              
00004028  pbistStop                             
00004058  pbistIsTestCompleted                  
00004084  pbistIsTestPassed                     
000040b8  pbistPortTestStatus                   
00004110  efcCheck                              
00004198  efcStuckZeroTest                      
00004244  efcSelfTest                           
0000426c  checkefcSelfTest                      
0000430c  fmcBus2Check                          
00004348  fmcECCcheck                           
000043e8  checkB0RAMECC                         
000045d8  checkB1RAMECC                         
000047c8  checkFlashECC                         
000048a4  custom_dabort                         
000048a8  stcSelfCheckFail                      
000048ac  cpuSelfTestFail                       
000048b0  vimParityCheck                        
0000495c  dmaParityCheck                        
00004a08  het1ParityCheck                       
00004ab4  htu1ParityCheck                       
00004b70  het2ParityCheck                       
00004c6c  htu2ParityCheck                       
00004d1c  adc1ParityCheck                       
00004e08  adc2ParityCheck                       
00004ec0  can1ParityCheck                       
00004f98  can2ParityCheck                       
00005060  can3ParityCheck                       
00005134  mibspi1ParityCheck                    
0000523c  mibspi3ParityCheck                    
00005360  mibspi5ParityCheck                    
00005480  checkRAMECC                           
000056c8  checkClockMonitor                     
000057a4  checkFlashEEPROMECC                   
0000593c  checkPLL1Slip                         
00005a3c  checkPLL2Slip                         
00005b00  checkRAMAddrParity                    
00005c0c  checkRAMUERRTest                      
00005d74  fmcBus1ParityCheck                    
00005e9c  pbistFail                             
00005f20  pbistGetConfigValue                   
0000606c  stcGetConfigValue                     
00006110  efcGetConfigValue                     
000061ac  ccmr4GetConfigValue                   
0000621c  errata_PBIST_4                        
00006580  enableParity                          
00006608  disableParity                         
000067ac  setupPLL                              
0000680c  trimLPO                               
00006854  setupFlash                            
00006894  periphInit                            
000068e8  mapClocks                             
00006a10  systemInit                            
00006ae0  systemPowerDown                       
00006b10  systemGetConfigValue                  
00006f24  tcmflashGetConfigValue                
000070d0  sramGetConfigValue                    
000072d8  vimInit                               
000073ac  vimChannelMap                         
00007450  vimEnableInterrupt                    
00007618  vimDisableInterrupt                   
000076c4  vimGetConfigValue                     
00007d2c  muxInit                               
000081c8  pinmuxGetConfigValue                  
000085d8  esmInit                               
000086e0  esmError                              
000086fc  esmEnableError                        
00008728  esmDisableError                       
00008754  esmTriggerErrorPinReset               
00008764  esmActivateNormalOperation            
00008774  esmEnableInterrupt                    
000087a0  esmDisableInterrupt                   
000087cc  esmSetInterruptLevel                  
00008848  esmClearStatus                        
00008894  esmClearStatusBuffer                  
000088b0  esmSetCounterPreloadValue             
000088d0  esmGetStatus                          
0000895c  esmGetStatusBuffer                    
00008994  esmEnterSelfTest                      
00008a1c  esmSelfTestStatus                     
00008a6c  esmGetConfigValue                     
00008bc0  SL_ESM_Init                           
00008bf4  SL_ESM_nERROR_Active                  
00009194  gioInit                               
00009264  gioSetDirection                       
00009284  gioSetBit                             
000092d4  gioSetPort                            
000092f4  gioGetBit                             
0000931c  gioGetPort                            
00009334  gioToggleBit                          
0000938c  gioEnableNotification                 
000093f4  gioDisableNotification                
0000945c  gioGetConfigValue                     
00009618  SL_FLAG_SET                           
00009648  SL_FLAG_CLEAR                         
0000966c  SL_FLAG_GET                           
0000968c  _SL_SelfTest_SRAM_RAD                 
000097a0  _SL_SelfTest_adcGetSingleData         
00009858  _SL_SelfTest_adcStartConversion_selChn
000098e4  _SL_SelfTest_adcIsConversionComplete  
00009968  _SL_HoldNClear_nError                 
000099b4  _SL_Approximate_value                 
00009a34  afterSTC                              
00009e18  esmCallBackFunction                   
00009e44  SL_Init_ECCTCMRAM                     
00009f48  SL_Init_ECCFlash                      
0000a010  SL_Init_Memory                        
0000a088  SL_Init_ResetReason                   
0000a17c  SL_Init_ResetReason_XInfo             
0000a218  _coreInitRegisters_                   
0000a324  _coreInitStackPointer_                
0000a370  _getCPSRValue_                        
0000a378  _gotoCPUIdle_                         
0000a390  _coreEnableVfp_                       
0000a3b0  _coreEnableEventBusExport_            
0000a3c8  _coreDisableEventBusExport_           
0000a3e0  _coreEnableRamEcc_                    
0000a3f8  _coreDisableRamEcc_                   
0000a410  _coreEnableFlashEcc_                  
0000a42c  _coreDisableFlashEcc_                 
0000a444  _coreEnableIrqVicOffset_              
0000a45c  _coreGetDataFault_                    
0000a464  _coreClearDataFault_                  
0000a478  _coreGetInstructionFault_             
0000a480  _coreClearInstructionFault_           
0000a494  _coreGetDataFaultAddress_             
0000a49c  _coreClearDataFaultAddress_           
0000a4b0  _coreGetInstructionFaultAddress_      
0000a4b8  _coreClearInstructionFaultAddress_    
0000a4cc  _coreGetAuxiliaryDataFault_           
0000a4d4  _coreClearAuxiliaryDataFault_         
0000a4e8  _coreGetAuxiliaryInstructionFault_    
0000a4f0  _coreClearAuxiliaryInstructionFault_  
0000a504  _disable_interrupt_                   
0000a50c  _disable_FIQ_interrupt_               
0000a514  _disable_IRQ_interrupt_               
0000a51c  _enable_interrupt_                    
0000a524  _esmCcmErrorsClear_                   
0000a5ac  _errata_CORTEXR4_57_                  
0000a5c4  _errata_CORTEXR4_66_                  
0000a5dc  __TI_PINIT_Base                       
0000a5e0  __TI_PINIT_Limit                      
0000a5e4  vimParityErrorHandler                 
0000a8c0  esmGroup1Notification                 
0000a8d0  esmGroup2Notification                 
0000a8e0  memoryPort0TestFailNotification       
0000a8fc  memoryPort1TestFailNotification       
0000a918  rtiNotification                       
0000a928  adcNotification                       
0000a93c  canErrorNotification                  
0000a950  canStatusChangeNotification           
0000a964  canMessageNotification                
0000a978  dccNotification                       
0000a98c  gioNotification                       
0000a9a0  i2cNotification                       
0000a9b4  linNotification                       
0000a9c8  mibspiNotification                    
0000a9dc  mibspiGroupNotification               
0000a9f0  sciNotification                       
0000aa04  spiNotification                       
0000aa18  spiEndNotification                    
0000aa28  pwmNotification                       
0000aa40  edgeNotification                      
0000aa54  hetNotification                       
0000aa68  crcNotification                       
0000aa7c  etpwmNotification                     
0000aa8c  etpwmTripNotification                 
0000aaa0  eqepNotification                      
0000aab4  ecapNotification                      
0000aac8  dmaGroupANotification                 
0000aadc  _SL_Init_ECCFlash                     
0000aaf8  _SL_Init_EnableEventExport            
0000ab10  _SL_Init_ECCTCMRAM                    
0000ab2c  _SL_Disable_IRQ                       
0000ab4c  _SL_Restore_IRQ                       
0000ab6c  _SL_Get_ARM_Mode                      
0000ab78  _SL_Get_DataFault_Status              
0000ab80  _SL_Get_DataFault_Address             
0000ab88  SL_Init_R4Registers                   
0000ac9c  _SL_Kickoff_STC_execution             
0000aca4  _SL_Barrier_Data_Access               
0000acb0  _c_int00                              
0000af90  esmHighInterrupt                      
0000b0a4  _pmuInit_                             
0000b0f8  _pmuEnableCountersGlobal_             
0000b110  _pmuDisableCountersGlobal_            
0000b128  _pmuResetCycleCounter_                
0000b140  _pmuResetEventCounters_               
0000b158  _pmuResetCounters_                    
0000b170  _pmuStartCounters_                    
0000b178  _pmuStopCounters_                     
0000b180  _pmuSetCountEvent_                    
0000b18c  _pmuGetCycleCount_                    
0000b194  _pmuGetEventCount_                    
0000b1a0  _pmuGetOverflow_                      
0000b1b4  _dabort                               
0000b29c  SL_Log_Error                          
0000b361  __aeabi_memcpy                        
0000b361  __aeabi_memcpy4                       
0000b361  __aeabi_memcpy8                       
0000b361  memcpy                                
0000b3fd  __aeabi_memclr                        
0000b3fd  __aeabi_memclr4                       
0000b3fd  __aeabi_memclr8                       
0000b3ff  __aeabi_memset                        
0000b3ff  __aeabi_memset4                       
0000b3ff  __aeabi_memset8                       
0000b405  memset                                
0000b477  __aeabi_idiv0                         
0000b479  __TI_auto_init                        
0000b4e4  main                                  
0000b5bc  __aeabi_idiv                          
0000b5bc  __aeabi_idivmod                       
0000b611  copy_in                               
0000b65d  C$$EXIT                               
0000b661  abort                                 
0000b669  exit                                  
0000b69d  _register_unlock                      
0000b6a3  _register_lock                        
0000b6ab  _nop                                  
0000b6b1  __TI_decompress_none                  
0000b6bf  __TI_zero_init                        
0000b6cb  __TI_decompress_rle24                 
0000b6d0  phantomInterrupt                      
0000b904  __TI_Handler_Table_Base               
0000b910  __TI_Handler_Table_Limit              
0000b918  __TI_CINIT_Base                       
0000b930  __TI_CINIT_Limit                      
08001500  _SL_Log_Error_Buffer                  
08001500  ulLOGStartAddr                        
08001684  _SL_Log_Error_Index                   
08001688  ulLOGEndAddr                          
0800168c  resetReason                           
08001690  sl_priv_flag_set                      
080016c0  sramEccTestBuff                       
080016e0  _lock                                 
080016e4  _unlock                               
080016e8  __TI_cleanup_ptr                      
080016ec  __TI_dtors_ptr                        
ffffffff  __binit__                             
ffffffff  __c_args__                            
ffffffff  binit                                 
UNDEFED   SHT$$INIT_ARRAY$$Base                 
UNDEFED   SHT$$INIT_ARRAY$$Limit                

[270 symbols]
