<?xml version="1.0"?>
<link_info>
   <banner>TI ARM Linker PC v5.2.5</banner>
   <copyright>Copyright (c) 1996-2015 Texas Instruments Incorporated</copyright>
   <link_time>0x56cb0a9f</link_time>
   <link_errors>0x0</link_errors>
   <output_file>safeti_test.out</output_file>
   <entry_point>
      <name>_c_int00</name>
      <address>0xacb0</address>
   </entry_point>
   <input_file_list>
      <input_file id="fl-2">
         <path>.\safety_library\source\</path>
         <kind>object</kind>
         <file>sl_asm_api.obj</file>
         <name>sl_asm_api.obj</name>
      </input_file>
      <input_file id="fl-3">
         <path>.\safety_library\source\</path>
         <kind>object</kind>
         <file>sl_esm.obj</file>
         <name>sl_esm.obj</name>
      </input_file>
      <input_file id="fl-4">
         <path>.\safety_library\source\</path>
         <kind>object</kind>
         <file>sl_init.obj</file>
         <name>sl_init.obj</name>
      </input_file>
      <input_file id="fl-5">
         <path>.\safety_library\source\</path>
         <kind>object</kind>
         <file>sl_log.obj</file>
         <name>sl_log.obj</name>
      </input_file>
      <input_file id="fl-6">
         <path>.\safety_library\source\</path>
         <kind>object</kind>
         <file>sl_misc.obj</file>
         <name>sl_misc.obj</name>
      </input_file>
      <input_file id="fl-7">
         <path>.\safety_library\source\</path>
         <kind>object</kind>
         <file>sl_pmu.obj</file>
         <name>sl_pmu.obj</name>
      </input_file>
      <input_file id="fl-8">
         <path>.\safety_library\source\</path>
         <kind>object</kind>
         <file>sl_priv.obj</file>
         <name>sl_priv.obj</name>
      </input_file>
      <input_file id="fl-9">
         <path>.\safety_library\source\</path>
         <kind>object</kind>
         <file>sl_selftest.obj</file>
         <name>sl_selftest.obj</name>
      </input_file>
      <input_file id="fl-a">
         <path>.\HALCoGen\source\</path>
         <kind>object</kind>
         <file>adc.obj</file>
         <name>adc.obj</name>
      </input_file>
      <input_file id="fl-b">
         <path>.\HALCoGen\source\</path>
         <kind>object</kind>
         <file>can.obj</file>
         <name>can.obj</name>
      </input_file>
      <input_file id="fl-c">
         <path>.\HALCoGen\source\</path>
         <kind>object</kind>
         <file>crc.obj</file>
         <name>crc.obj</name>
      </input_file>
      <input_file id="fl-d">
         <path>.\HALCoGen\source\</path>
         <kind>object</kind>
         <file>dabort.obj</file>
         <name>dabort.obj</name>
      </input_file>
      <input_file id="fl-e">
         <path>.\HALCoGen\source\</path>
         <kind>object</kind>
         <file>dcc.obj</file>
         <name>dcc.obj</name>
      </input_file>
      <input_file id="fl-f">
         <path>.\HALCoGen\source\</path>
         <kind>object</kind>
         <file>ecap.obj</file>
         <name>ecap.obj</name>
      </input_file>
      <input_file id="fl-10">
         <path>.\HALCoGen\source\</path>
         <kind>object</kind>
         <file>eqep.obj</file>
         <name>eqep.obj</name>
      </input_file>
      <input_file id="fl-11">
         <path>.\HALCoGen\source\</path>
         <kind>object</kind>
         <file>esm.obj</file>
         <name>esm.obj</name>
      </input_file>
      <input_file id="fl-12">
         <path>.\HALCoGen\source\</path>
         <kind>object</kind>
         <file>etpwm.obj</file>
         <name>etpwm.obj</name>
      </input_file>
      <input_file id="fl-13">
         <path>.\HALCoGen\source\</path>
         <kind>object</kind>
         <file>gio.obj</file>
         <name>gio.obj</name>
      </input_file>
      <input_file id="fl-14">
         <path>.\HALCoGen\source\</path>
         <kind>object</kind>
         <file>het.obj</file>
         <name>het.obj</name>
      </input_file>
      <input_file id="fl-15">
         <path>.\HALCoGen\source\</path>
         <kind>object</kind>
         <file>i2c.obj</file>
         <name>i2c.obj</name>
      </input_file>
      <input_file id="fl-16">
         <path>.\HALCoGen\source\</path>
         <kind>object</kind>
         <file>lin.obj</file>
         <name>lin.obj</name>
      </input_file>
      <input_file id="fl-17">
         <path>.\HALCoGen\source\</path>
         <kind>object</kind>
         <file>mibspi.obj</file>
         <name>mibspi.obj</name>
      </input_file>
      <input_file id="fl-18">
         <path>.\HALCoGen\source\</path>
         <kind>object</kind>
         <file>notification.obj</file>
         <name>notification.obj</name>
      </input_file>
      <input_file id="fl-19">
         <path>.\HALCoGen\source\</path>
         <kind>object</kind>
         <file>pinmux.obj</file>
         <name>pinmux.obj</name>
      </input_file>
      <input_file id="fl-1a">
         <path>.\HALCoGen\source\</path>
         <kind>object</kind>
         <file>rti.obj</file>
         <name>rti.obj</name>
      </input_file>
      <input_file id="fl-1b">
         <path>.\HALCoGen\source\</path>
         <kind>object</kind>
         <file>sci.obj</file>
         <name>sci.obj</name>
      </input_file>
      <input_file id="fl-1c">
         <path>.\HALCoGen\source\</path>
         <kind>object</kind>
         <file>spi.obj</file>
         <name>spi.obj</name>
      </input_file>
      <input_file id="fl-1d">
         <path>.\HALCoGen\source\</path>
         <kind>object</kind>
         <file>sys_core.obj</file>
         <name>sys_core.obj</name>
      </input_file>
      <input_file id="fl-1e">
         <path>.\HALCoGen\source\</path>
         <kind>object</kind>
         <file>sys_dma.obj</file>
         <name>sys_dma.obj</name>
      </input_file>
      <input_file id="fl-1f">
         <path>.\HALCoGen\source\</path>
         <kind>object</kind>
         <file>sys_intvecs.obj</file>
         <name>sys_intvecs.obj</name>
      </input_file>
      <input_file id="fl-20">
         <path>.\HALCoGen\source\</path>
         <kind>object</kind>
         <file>sys_main.obj</file>
         <name>sys_main.obj</name>
      </input_file>
      <input_file id="fl-21">
         <path>.\HALCoGen\source\</path>
         <kind>object</kind>
         <file>sys_mpu.obj</file>
         <name>sys_mpu.obj</name>
      </input_file>
      <input_file id="fl-22">
         <path>.\HALCoGen\source\</path>
         <kind>object</kind>
         <file>sys_pcr.obj</file>
         <name>sys_pcr.obj</name>
      </input_file>
      <input_file id="fl-23">
         <path>.\HALCoGen\source\</path>
         <kind>object</kind>
         <file>sys_phantom.obj</file>
         <name>sys_phantom.obj</name>
      </input_file>
      <input_file id="fl-24">
         <path>.\HALCoGen\source\</path>
         <kind>object</kind>
         <file>sys_pmm.obj</file>
         <name>sys_pmm.obj</name>
      </input_file>
      <input_file id="fl-25">
         <path>.\HALCoGen\source\</path>
         <kind>object</kind>
         <file>sys_pmu.obj</file>
         <name>sys_pmu.obj</name>
      </input_file>
      <input_file id="fl-26">
         <path>.\HALCoGen\source\</path>
         <kind>object</kind>
         <file>sys_selftest.obj</file>
         <name>sys_selftest.obj</name>
      </input_file>
      <input_file id="fl-27">
         <path>.\HALCoGen\source\</path>
         <kind>object</kind>
         <file>sys_startup.obj</file>
         <name>sys_startup.obj</name>
      </input_file>
      <input_file id="fl-28">
         <path>.\HALCoGen\source\</path>
         <kind>object</kind>
         <file>sys_vim.obj</file>
         <name>sys_vim.obj</name>
      </input_file>
      <input_file id="fl-29">
         <path>.\HALCoGen\source\</path>
         <kind>object</kind>
         <file>system.obj</file>
         <name>system.obj</name>
      </input_file>
      <input_file id="fl-2e">
         <path>C:\ti\ccsv6\tools\compiler\ti-cgt-arm_5.2.5\lib\</path>
         <kind>archive</kind>
         <file>rtsv7R4_T_be_v3D16_eabi.lib</file>
         <name>autoinit.obj</name>
      </input_file>
      <input_file id="fl-2f">
         <path>C:\ti\ccsv6\tools\compiler\ti-cgt-arm_5.2.5\lib\</path>
         <kind>archive</kind>
         <file>rtsv7R4_T_be_v3D16_eabi.lib</file>
         <name>copy_decompress_none.obj</name>
      </input_file>
      <input_file id="fl-30">
         <path>C:\ti\ccsv6\tools\compiler\ti-cgt-arm_5.2.5\lib\</path>
         <kind>archive</kind>
         <file>rtsv7R4_T_be_v3D16_eabi.lib</file>
         <name>copy_decompress_rle.obj</name>
      </input_file>
      <input_file id="fl-31">
         <path>C:\ti\ccsv6\tools\compiler\ti-cgt-arm_5.2.5\lib\</path>
         <kind>archive</kind>
         <file>rtsv7R4_T_be_v3D16_eabi.lib</file>
         <name>copy_zero_init.obj</name>
      </input_file>
      <input_file id="fl-32">
         <path>C:\ti\ccsv6\tools\compiler\ti-cgt-arm_5.2.5\lib\</path>
         <kind>archive</kind>
         <file>rtsv7R4_T_be_v3D16_eabi.lib</file>
         <name>cpy_tbl.obj</name>
      </input_file>
      <input_file id="fl-33">
         <path>C:\ti\ccsv6\tools\compiler\ti-cgt-arm_5.2.5\lib\</path>
         <kind>archive</kind>
         <file>rtsv7R4_T_be_v3D16_eabi.lib</file>
         <name>exit.obj</name>
      </input_file>
      <input_file id="fl-34">
         <path>C:\ti\ccsv6\tools\compiler\ti-cgt-arm_5.2.5\lib\</path>
         <kind>archive</kind>
         <file>rtsv7R4_T_be_v3D16_eabi.lib</file>
         <name>i_div32.obj</name>
      </input_file>
      <input_file id="fl-35">
         <path>C:\ti\ccsv6\tools\compiler\ti-cgt-arm_5.2.5\lib\</path>
         <kind>archive</kind>
         <file>rtsv7R4_T_be_v3D16_eabi.lib</file>
         <name>memcpy_t2.obj</name>
      </input_file>
      <input_file id="fl-36">
         <path>C:\ti\ccsv6\tools\compiler\ti-cgt-arm_5.2.5\lib\</path>
         <kind>archive</kind>
         <file>rtsv7R4_T_be_v3D16_eabi.lib</file>
         <name>memset_t2.obj</name>
      </input_file>
      <input_file id="fl-37">
         <path>C:\ti\ccsv6\tools\compiler\ti-cgt-arm_5.2.5\lib\</path>
         <kind>archive</kind>
         <file>rtsv7R4_T_be_v3D16_eabi.lib</file>
         <name>u_div32.obj</name>
      </input_file>
      <input_file id="fl-38">
         <path>C:\ti\ccsv6\tools\compiler\ti-cgt-arm_5.2.5\lib\</path>
         <kind>archive</kind>
         <file>rtsv7R4_T_be_v3D16_eabi.lib</file>
         <name>_lock.obj</name>
      </input_file>
      <input_file id="fl-39">
         <path>C:\ti\ccsv6\tools\compiler\ti-cgt-arm_5.2.5\lib\</path>
         <kind>archive</kind>
         <file>rtsv7R4_T_be_v3D16_eabi.lib</file>
         <name>i_div0.obj</name>
      </input_file>
   </input_file_list>
   <object_component_list>
      <object_component id="oc-3a">
         <name>.intvecs</name>
         <load_address>0x0</load_address>
         <run_address>0x0</run_address>
         <size>0x20</size>
         <input_file_ref idref="fl-1f"/>
      </object_component>
      <object_component id="oc-92">
         <name>.text</name>
         <load_address>0x20</load_address>
         <run_address>0x20</run_address>
         <size>0x3ab0</size>
         <input_file_ref idref="fl-9"/>
      </object_component>
      <object_component id="oc-86">
         <name>.text</name>
         <load_address>0x3ad0</load_address>
         <run_address>0x3ad0</run_address>
         <size>0x2cdc</size>
         <input_file_ref idref="fl-26"/>
      </object_component>
      <object_component id="oc-9e">
         <name>.text</name>
         <load_address>0x67ac</load_address>
         <run_address>0x67ac</run_address>
         <size>0xb2c</size>
         <input_file_ref idref="fl-29"/>
      </object_component>
      <object_component id="oc-49">
         <name>.text</name>
         <load_address>0x72d8</load_address>
         <run_address>0x72d8</run_address>
         <size>0xa54</size>
         <input_file_ref idref="fl-28"/>
      </object_component>
      <object_component id="oc-137">
         <name>.text</name>
         <load_address>0x7d2c</load_address>
         <run_address>0x7d2c</run_address>
         <size>0x8ac</size>
         <input_file_ref idref="fl-19"/>
      </object_component>
      <object_component id="oc-11e">
         <name>.text</name>
         <load_address>0x85d8</load_address>
         <run_address>0x85d8</run_address>
         <size>0x5e8</size>
         <input_file_ref idref="fl-11"/>
      </object_component>
      <object_component id="oc-27">
         <name>.text</name>
         <load_address>0x8bc0</load_address>
         <run_address>0x8bc0</run_address>
         <size>0x5d4</size>
         <input_file_ref idref="fl-3"/>
      </object_component>
      <object_component id="oc-27f">
         <name>.text</name>
         <load_address>0x9194</load_address>
         <run_address>0x9194</run_address>
         <size>0x484</size>
         <input_file_ref idref="fl-13"/>
      </object_component>
      <object_component id="oc-8c">
         <name>.text</name>
         <load_address>0x9618</load_address>
         <run_address>0x9618</run_address>
         <size>0x41c</size>
         <input_file_ref idref="fl-8"/>
      </object_component>
      <object_component id="oc-98">
         <name>.text</name>
         <load_address>0x9a34</load_address>
         <run_address>0x9a34</run_address>
         <size>0x410</size>
         <input_file_ref idref="fl-27"/>
      </object_component>
      <object_component id="oc-80">
         <name>.text</name>
         <load_address>0x9e44</load_address>
         <run_address>0x9e44</run_address>
         <size>0x3d4</size>
         <input_file_ref idref="fl-4"/>
      </object_component>
      <object_component id="oc-7b">
         <name>.text</name>
         <load_address>0xa218</load_address>
         <run_address>0xa218</run_address>
         <size>0x3cc</size>
         <input_file_ref idref="fl-1d"/>
      </object_component>
      <object_component id="oc-45">
         <name>.text:retain</name>
         <load_address>0xa5e4</load_address>
         <run_address>0xa5e4</run_address>
         <size>0x2dc</size>
         <input_file_ref idref="fl-28"/>
      </object_component>
      <object_component id="oc-bf">
         <name>.text</name>
         <load_address>0xa8c0</load_address>
         <run_address>0xa8c0</run_address>
         <size>0x21c</size>
         <input_file_ref idref="fl-18"/>
      </object_component>
      <object_component id="oc-76">
         <name>.text</name>
         <load_address>0xaadc</load_address>
         <run_address>0xaadc</run_address>
         <size>0x1d4</size>
         <input_file_ref idref="fl-2"/>
      </object_component>
      <object_component id="oc-1f">
         <name>.text:retain</name>
         <load_address>0xacb0</load_address>
         <run_address>0xacb0</run_address>
         <size>0x1c8</size>
         <input_file_ref idref="fl-27"/>
      </object_component>
      <object_component id="oc-25">
         <name>.text:retain</name>
         <load_address>0xae78</load_address>
         <run_address>0xae78</run_address>
         <size>0x118</size>
         <input_file_ref idref="fl-3"/>
      </object_component>
      <object_component id="oc-31">
         <name>.text:retain</name>
         <load_address>0xaf90</load_address>
         <run_address>0xaf90</run_address>
         <size>0x114</size>
         <input_file_ref idref="fl-11"/>
      </object_component>
      <object_component id="oc-fd">
         <name>.text</name>
         <load_address>0xb0a4</load_address>
         <run_address>0xb0a4</run_address>
         <size>0x110</size>
         <input_file_ref idref="fl-25"/>
      </object_component>
      <object_component id="oc-ce">
         <name>.text</name>
         <load_address>0xb1b4</load_address>
         <run_address>0xb1b4</run_address>
         <size>0xe8</size>
         <input_file_ref idref="fl-d"/>
      </object_component>
      <object_component id="oc-109">
         <name>.text</name>
         <load_address>0xb29c</load_address>
         <run_address>0xb29c</run_address>
         <size>0xc4</size>
         <input_file_ref idref="fl-5"/>
      </object_component>
      <object_component id="oc-51">
         <name>.text</name>
         <load_address>0xb360</load_address>
         <run_address>0xb360</run_address>
         <size>0x9c</size>
         <input_file_ref idref="fl-35"/>
      </object_component>
      <object_component id="oc-6a">
         <name>.text</name>
         <load_address>0xb3fc</load_address>
         <run_address>0xb3fc</run_address>
         <size>0x7a</size>
         <input_file_ref idref="fl-36"/>
      </object_component>
      <object_component id="oc-265">
         <name>.text</name>
         <load_address>0xb476</load_address>
         <run_address>0xb476</run_address>
         <size>0x2</size>
         <input_file_ref idref="fl-39"/>
      </object_component>
      <object_component id="oc-124">
         <name>.text</name>
         <load_address>0xb478</load_address>
         <run_address>0xb478</run_address>
         <size>0x6c</size>
         <input_file_ref idref="fl-2e"/>
      </object_component>
      <object_component id="oc-12a">
         <name>.text</name>
         <load_address>0xb4e4</load_address>
         <run_address>0xb4e4</run_address>
         <size>0x6c</size>
         <input_file_ref idref="fl-20"/>
      </object_component>
      <object_component id="oc-5d">
         <name>.text</name>
         <load_address>0xb550</load_address>
         <run_address>0xb550</run_address>
         <size>0x6a</size>
         <input_file_ref idref="fl-30"/>
      </object_component>
      <object_component id="oc-10f">
         <name>.text</name>
         <load_address>0xb5bc</load_address>
         <run_address>0xb5bc</run_address>
         <size>0x54</size>
         <input_file_ref idref="fl-34"/>
      </object_component>
      <object_component id="oc-277">
         <name>.text</name>
         <load_address>0xb610</load_address>
         <run_address>0xb610</run_address>
         <size>0x4c</size>
         <input_file_ref idref="fl-32"/>
      </object_component>
      <object_component id="oc-130">
         <name>.text</name>
         <load_address>0xb65c</load_address>
         <run_address>0xb65c</run_address>
         <size>0x40</size>
         <input_file_ref idref="fl-33"/>
      </object_component>
      <object_component id="oc-2ff">
         <name>.text</name>
         <load_address>0xb69c</load_address>
         <run_address>0xb69c</run_address>
         <size>0x14</size>
         <input_file_ref idref="fl-38"/>
      </object_component>
      <object_component id="oc-d">
         <name>.text:decompress:none</name>
         <load_address>0xb6b0</load_address>
         <run_address>0xb6b0</run_address>
         <size>0xe</size>
         <input_file_ref idref="fl-2f"/>
      </object_component>
      <object_component id="oc-19">
         <name>.text:decompress:ZI</name>
         <load_address>0xb6be</load_address>
         <run_address>0xb6be</run_address>
         <size>0xc</size>
         <input_file_ref idref="fl-31"/>
      </object_component>
      <object_component id="oc-13">
         <name>.text:decompress:rle24</name>
         <load_address>0xb6ca</load_address>
         <run_address>0xb6ca</run_address>
         <size>0x6</size>
         <input_file_ref idref="fl-30"/>
      </object_component>
      <object_component id="oc-3f">
         <name>.text:retain</name>
         <load_address>0xb6d0</load_address>
         <run_address>0xb6d0</run_address>
         <size>0x4</size>
         <input_file_ref idref="fl-23"/>
      </object_component>
      <object_component id="oc-37">
         <name>.const:s_vim_init</name>
         <load_address>0xb6d4</load_address>
         <run_address>0xb6d4</run_address>
         <size>0x200</size>
         <input_file_ref idref="fl-28"/>
      </object_component>
      <object_component id="oc-3a9">
         <name>.cinit..data.load</name>
         <load_address>0xb8d8</load_address>
         <run_address>0xb8d8</run_address>
         <size>0x12</size>
      </object_component>
      <object_component id="oc-3aa">
         <name>.cinit.LOG_DATA.load</name>
         <load_address>0xb8f0</load_address>
         <run_address>0xb8f0</run_address>
         <size>0x12</size>
      </object_component>
      <object_component id="oc-3a6">
         <name>__TI_handler_table</name>
         <load_address>0xb904</load_address>
         <run_address>0xb904</run_address>
         <size>0xc</size>
      </object_component>
      <object_component id="oc-3a8">
         <name>.cinit..bss.load</name>
         <load_address>0xb910</load_address>
         <run_address>0xb910</run_address>
         <size>0x8</size>
      </object_component>
      <object_component id="oc-3a7">
         <name>__TI_cinit_table</name>
         <load_address>0xb918</load_address>
         <run_address>0xb918</run_address>
         <size>0x18</size>
      </object_component>
      <object_component id="oc-259">
         <name>LOG_DATA:init</name>
         <load_address>0x8001680</load_address>
         <run_address>0x8001680</run_address>
         <size>0x8</size>
         <input_file_ref idref="fl-5"/>
      </object_component>
      <object_component id="oc-25c">
         <name>LOG_DATA:uninit</name>
         <load_address>0x8001500</load_address>
         <run_address>0x8001500</run_address>
         <size>0x180</size>
         <input_file_ref idref="fl-5"/>
      </object_component>
      <object_component id="oc-ad">
         <name>.common:ESM_AppCallback</name>
         <uninitialized>true</uninitialized>
         <run_address>0x8001688</run_address>
         <size>0x4</size>
      </object_component>
      <object_component id="oc-a4">
         <name>.common:resetReason</name>
         <uninitialized>true</uninitialized>
         <run_address>0x800168c</run_address>
         <size>0x1</size>
      </object_component>
      <object_component id="oc-b0">
         <name>.data</name>
         <load_address>0x80016bc</load_address>
         <run_address>0x80016bc</run_address>
         <size>0x4</size>
         <input_file_ref idref="fl-3"/>
      </object_component>
      <object_component id="oc-104">
         <name>.data:sl_priv_flag_set</name>
         <load_address>0x8001690</load_address>
         <run_address>0x8001690</run_address>
         <size>0x2c</size>
         <input_file_ref idref="fl-8"/>
      </object_component>
      <object_component id="oc-114">
         <name>.data</name>
         <load_address>0x80016c0</load_address>
         <run_address>0x80016c0</run_address>
         <size>0x20</size>
         <input_file_ref idref="fl-9"/>
      </object_component>
      <object_component id="oc-289">
         <name>.data</name>
         <load_address>0x80016e8</load_address>
         <run_address>0x80016e8</run_address>
         <size>0x8</size>
         <input_file_ref idref="fl-33"/>
      </object_component>
      <object_component id="oc-286">
         <name>.data</name>
         <load_address>0x80016e0</load_address>
         <run_address>0x80016e0</run_address>
         <size>0x8</size>
         <input_file_ref idref="fl-38"/>
      </object_component>
      <object_component id="oc-77">
         <name>.debug_info</name>
         <load_address>0x0</load_address>
         <run_address>0x0</run_address>
         <size>0x42b</size>
         <input_file_ref idref="fl-2"/>
      </object_component>
      <object_component id="oc-ae">
         <name>.debug_info</name>
         <load_address>0x42b</load_address>
         <run_address>0x42b</run_address>
         <size>0x31c</size>
         <input_file_ref idref="fl-3"/>
      </object_component>
      <object_component id="oc-b1">
         <name>.debug_info</name>
         <load_address>0x747</load_address>
         <run_address>0x747</run_address>
         <size>0x124</size>
         <input_file_ref idref="fl-3"/>
      </object_component>
      <object_component id="oc-29">
         <name>.debug_info</name>
         <load_address>0x86b</load_address>
         <run_address>0x86b</run_address>
         <size>0x5f5</size>
         <input_file_ref idref="fl-3"/>
      </object_component>
      <object_component id="oc-2d">
         <name>.debug_info</name>
         <load_address>0xe60</load_address>
         <run_address>0xe60</run_address>
         <size>0x2f5</size>
         <input_file_ref idref="fl-3"/>
      </object_component>
      <object_component id="oc-1e4">
         <name>.debug_info</name>
         <load_address>0x1155</load_address>
         <run_address>0x1155</run_address>
         <size>0x6c3</size>
         <input_file_ref idref="fl-3"/>
      </object_component>
      <object_component id="oc-1e9">
         <name>.debug_info</name>
         <load_address>0x1818</load_address>
         <run_address>0x1818</run_address>
         <size>0x306</size>
         <input_file_ref idref="fl-3"/>
      </object_component>
      <object_component id="oc-b4">
         <name>.debug_info</name>
         <load_address>0x1b1e</load_address>
         <run_address>0x1b1e</run_address>
         <size>0x827</size>
         <input_file_ref idref="fl-3"/>
      </object_component>
      <object_component id="oc-119">
         <name>.debug_info</name>
         <load_address>0x2345</load_address>
         <run_address>0x2345</run_address>
         <size>0xa1</size>
         <input_file_ref idref="fl-3"/>
      </object_component>
      <object_component id="oc-260">
         <name>.debug_info</name>
         <load_address>0x23e6</load_address>
         <run_address>0x23e6</run_address>
         <size>0x1d7</size>
         <input_file_ref idref="fl-3"/>
      </object_component>
      <object_component id="oc-15a">
         <name>.debug_info</name>
         <load_address>0x25bd</load_address>
         <run_address>0x25bd</run_address>
         <size>0x8b</size>
         <input_file_ref idref="fl-3"/>
      </object_component>
      <object_component id="oc-1ee">
         <name>.debug_info</name>
         <load_address>0x2648</load_address>
         <run_address>0x2648</run_address>
         <size>0x15f</size>
         <input_file_ref idref="fl-3"/>
      </object_component>
      <object_component id="oc-236">
         <name>.debug_info</name>
         <load_address>0x27a7</load_address>
         <run_address>0x27a7</run_address>
         <size>0x18b</size>
         <input_file_ref idref="fl-3"/>
      </object_component>
      <object_component id="oc-b9">
         <name>.debug_info</name>
         <load_address>0x2932</load_address>
         <run_address>0x2932</run_address>
         <size>0xae</size>
         <input_file_ref idref="fl-3"/>
      </object_component>
      <object_component id="oc-1f3">
         <name>.debug_info</name>
         <load_address>0x29e0</load_address>
         <run_address>0x29e0</run_address>
         <size>0x62</size>
         <input_file_ref idref="fl-3"/>
      </object_component>
      <object_component id="oc-1f8">
         <name>.debug_info</name>
         <load_address>0x2a42</load_address>
         <run_address>0x2a42</run_address>
         <size>0x222</size>
         <input_file_ref idref="fl-3"/>
      </object_component>
      <object_component id="oc-1fd">
         <name>.debug_info</name>
         <load_address>0x2c64</load_address>
         <run_address>0x2c64</run_address>
         <size>0x2e9</size>
         <input_file_ref idref="fl-3"/>
      </object_component>
      <object_component id="oc-202">
         <name>.debug_info</name>
         <load_address>0x2f4d</load_address>
         <run_address>0x2f4d</run_address>
         <size>0x116</size>
         <input_file_ref idref="fl-3"/>
      </object_component>
      <object_component id="oc-207">
         <name>.debug_info</name>
         <load_address>0x3063</load_address>
         <run_address>0x3063</run_address>
         <size>0x1ca</size>
         <input_file_ref idref="fl-3"/>
      </object_component>
      <object_component id="oc-20c">
         <name>.debug_info</name>
         <load_address>0x322d</load_address>
         <run_address>0x322d</run_address>
         <size>0x1f2</size>
         <input_file_ref idref="fl-3"/>
      </object_component>
      <object_component id="oc-211">
         <name>.debug_info</name>
         <load_address>0x341f</load_address>
         <run_address>0x341f</run_address>
         <size>0x435</size>
         <input_file_ref idref="fl-3"/>
      </object_component>
      <object_component id="oc-216">
         <name>.debug_info</name>
         <load_address>0x3854</load_address>
         <run_address>0x3854</run_address>
         <size>0x1de</size>
         <input_file_ref idref="fl-3"/>
      </object_component>
      <object_component id="oc-21b">
         <name>.debug_info</name>
         <load_address>0x3a32</load_address>
         <run_address>0x3a32</run_address>
         <size>0x1e9</size>
         <input_file_ref idref="fl-3"/>
      </object_component>
      <object_component id="oc-220">
         <name>.debug_info</name>
         <load_address>0x3c1b</load_address>
         <run_address>0x3c1b</run_address>
         <size>0x17a</size>
         <input_file_ref idref="fl-3"/>
      </object_component>
      <object_component id="oc-225">
         <name>.debug_info</name>
         <load_address>0x3d95</load_address>
         <run_address>0x3d95</run_address>
         <size>0x6bc</size>
         <input_file_ref idref="fl-3"/>
      </object_component>
      <object_component id="oc-22a">
         <name>.debug_info</name>
         <load_address>0x4451</load_address>
         <run_address>0x4451</run_address>
         <size>0x13e</size>
         <input_file_ref idref="fl-3"/>
      </object_component>
      <object_component id="oc-22f">
         <name>.debug_info</name>
         <load_address>0x458f</load_address>
         <run_address>0x458f</run_address>
         <size>0x2cf</size>
         <input_file_ref idref="fl-3"/>
      </object_component>
      <object_component id="oc-1c8">
         <name>.debug_info</name>
         <load_address>0x485e</load_address>
         <run_address>0x485e</run_address>
         <size>0x4f</size>
         <input_file_ref idref="fl-3"/>
      </object_component>
      <object_component id="oc-fc">
         <name>.debug_info</name>
         <load_address>0x48ad</load_address>
         <run_address>0x48ad</run_address>
         <size>0x365</size>
         <input_file_ref idref="fl-4"/>
      </object_component>
      <object_component id="oc-81">
         <name>.debug_info</name>
         <load_address>0x4c12</load_address>
         <run_address>0x4c12</run_address>
         <size>0x606</size>
         <input_file_ref idref="fl-4"/>
      </object_component>
      <object_component id="oc-2ec">
         <name>.debug_info</name>
         <load_address>0x5218</load_address>
         <run_address>0x5218</run_address>
         <size>0x27d</size>
         <input_file_ref idref="fl-5"/>
      </object_component>
      <object_component id="oc-25a">
         <name>.debug_info</name>
         <load_address>0x5495</load_address>
         <run_address>0x5495</run_address>
         <size>0x15c</size>
         <input_file_ref idref="fl-5"/>
      </object_component>
      <object_component id="oc-25d">
         <name>.debug_info</name>
         <load_address>0x55f1</load_address>
         <run_address>0x55f1</run_address>
         <size>0x128</size>
         <input_file_ref idref="fl-5"/>
      </object_component>
      <object_component id="oc-10c">
         <name>.debug_info</name>
         <load_address>0x5719</load_address>
         <run_address>0x5719</run_address>
         <size>0x1f1</size>
         <input_file_ref idref="fl-5"/>
      </object_component>
      <object_component id="oc-33b">
         <name>.debug_info</name>
         <load_address>0x590a</load_address>
         <run_address>0x590a</run_address>
         <size>0xef</size>
         <input_file_ref idref="fl-5"/>
      </object_component>
      <object_component id="oc-f1">
         <name>.debug_info</name>
         <load_address>0x59f9</load_address>
         <run_address>0x59f9</run_address>
         <size>0x2c</size>
         <input_file_ref idref="fl-6"/>
      </object_component>
      <object_component id="oc-108">
         <name>.debug_info</name>
         <load_address>0x5a25</load_address>
         <run_address>0x5a25</run_address>
         <size>0x2fa</size>
         <input_file_ref idref="fl-8"/>
      </object_component>
      <object_component id="oc-105">
         <name>.debug_info</name>
         <load_address>0x5d1f</load_address>
         <run_address>0x5d1f</run_address>
         <size>0x120</size>
         <input_file_ref idref="fl-8"/>
      </object_component>
      <object_component id="oc-8e">
         <name>.debug_info</name>
         <load_address>0x5e3f</load_address>
         <run_address>0x5e3f</run_address>
         <size>0x9f1</size>
         <input_file_ref idref="fl-8"/>
      </object_component>
      <object_component id="oc-118">
         <name>.debug_info</name>
         <load_address>0x6830</load_address>
         <run_address>0x6830</run_address>
         <size>0x6de</size>
         <input_file_ref idref="fl-9"/>
      </object_component>
      <object_component id="oc-115">
         <name>.debug_info</name>
         <load_address>0x6f0e</load_address>
         <run_address>0x6f0e</run_address>
         <size>0x122</size>
         <input_file_ref idref="fl-9"/>
      </object_component>
      <object_component id="oc-93">
         <name>.debug_info</name>
         <load_address>0x7030</load_address>
         <run_address>0x7030</run_address>
         <size>0x2b4c</size>
         <input_file_ref idref="fl-9"/>
      </object_component>
      <object_component id="oc-24a">
         <name>.debug_info</name>
         <load_address>0x9b7c</load_address>
         <run_address>0x9b7c</run_address>
         <size>0x198</size>
         <input_file_ref idref="fl-a"/>
      </object_component>
      <object_component id="oc-141">
         <name>.debug_info</name>
         <load_address>0x9d14</load_address>
         <run_address>0x9d14</run_address>
         <size>0x791</size>
         <input_file_ref idref="fl-a"/>
      </object_component>
      <object_component id="oc-c6">
         <name>.debug_info</name>
         <load_address>0xa4a5</load_address>
         <run_address>0xa4a5</run_address>
         <size>0x157</size>
         <input_file_ref idref="fl-a"/>
      </object_component>
      <object_component id="oc-d7">
         <name>.debug_info</name>
         <load_address>0xa5fc</load_address>
         <run_address>0xa5fc</run_address>
         <size>0x18c</size>
         <input_file_ref idref="fl-a"/>
      </object_component>
      <object_component id="oc-dc">
         <name>.debug_info</name>
         <load_address>0xa788</load_address>
         <run_address>0xa788</run_address>
         <size>0x86</size>
         <input_file_ref idref="fl-a"/>
      </object_component>
      <object_component id="oc-2e3">
         <name>.debug_info</name>
         <load_address>0xa80e</load_address>
         <run_address>0xa80e</run_address>
         <size>0x38f</size>
         <input_file_ref idref="fl-a"/>
      </object_component>
      <object_component id="oc-1dc">
         <name>.debug_info</name>
         <load_address>0xab9d</load_address>
         <run_address>0xab9d</run_address>
         <size>0x2d0</size>
         <input_file_ref idref="fl-a"/>
      </object_component>
      <object_component id="oc-2a3">
         <name>.debug_info</name>
         <load_address>0xae6d</load_address>
         <run_address>0xae6d</run_address>
         <size>0x19a</size>
         <input_file_ref idref="fl-b"/>
      </object_component>
      <object_component id="oc-169">
         <name>.debug_info</name>
         <load_address>0xb007</load_address>
         <run_address>0xb007</run_address>
         <size>0x437</size>
         <input_file_ref idref="fl-b"/>
      </object_component>
      <object_component id="oc-31f">
         <name>.debug_info</name>
         <load_address>0xb43e</load_address>
         <run_address>0xb43e</run_address>
         <size>0x15f</size>
         <input_file_ref idref="fl-b"/>
      </object_component>
      <object_component id="oc-332">
         <name>.debug_info</name>
         <load_address>0xb59d</load_address>
         <run_address>0xb59d</run_address>
         <size>0x148</size>
         <input_file_ref idref="fl-c"/>
      </object_component>
      <object_component id="oc-2b4">
         <name>.debug_info</name>
         <load_address>0xb6e5</load_address>
         <run_address>0xb6e5</run_address>
         <size>0x3b8</size>
         <input_file_ref idref="fl-c"/>
      </object_component>
      <object_component id="oc-35a">
         <name>.debug_info</name>
         <load_address>0xba9d</load_address>
         <run_address>0xba9d</run_address>
         <size>0x22c</size>
         <input_file_ref idref="fl-c"/>
      </object_component>
      <object_component id="oc-d0">
         <name>.debug_info</name>
         <load_address>0xbcc9</load_address>
         <run_address>0xbcc9</run_address>
         <size>0x138</size>
         <input_file_ref idref="fl-d"/>
      </object_component>
      <object_component id="oc-333">
         <name>.debug_info</name>
         <load_address>0xbe01</load_address>
         <run_address>0xbe01</run_address>
         <size>0x11d</size>
         <input_file_ref idref="fl-e"/>
      </object_component>
      <object_component id="oc-361">
         <name>.debug_info</name>
         <load_address>0xbf1e</load_address>
         <run_address>0xbf1e</run_address>
         <size>0x155</size>
         <input_file_ref idref="fl-e"/>
      </object_component>
      <object_component id="oc-2b9">
         <name>.debug_info</name>
         <load_address>0xc073</load_address>
         <run_address>0xc073</run_address>
         <size>0x116</size>
         <input_file_ref idref="fl-e"/>
      </object_component>
      <object_component id="oc-334">
         <name>.debug_info</name>
         <load_address>0xc189</load_address>
         <run_address>0xc189</run_address>
         <size>0x13a</size>
         <input_file_ref idref="fl-f"/>
      </object_component>
      <object_component id="oc-368">
         <name>.debug_info</name>
         <load_address>0xc2c3</load_address>
         <run_address>0xc2c3</run_address>
         <size>0x359</size>
         <input_file_ref idref="fl-f"/>
      </object_component>
      <object_component id="oc-2be">
         <name>.debug_info</name>
         <load_address>0xc61c</load_address>
         <run_address>0xc61c</run_address>
         <size>0x152</size>
         <input_file_ref idref="fl-f"/>
      </object_component>
      <object_component id="oc-335">
         <name>.debug_info</name>
         <load_address>0xc76e</load_address>
         <run_address>0xc76e</run_address>
         <size>0x11e</size>
         <input_file_ref idref="fl-10"/>
      </object_component>
      <object_component id="oc-36f">
         <name>.debug_info</name>
         <load_address>0xc88c</load_address>
         <run_address>0xc88c</run_address>
         <size>0x669</size>
         <input_file_ref idref="fl-10"/>
      </object_component>
      <object_component id="oc-2c3">
         <name>.debug_info</name>
         <load_address>0xcef5</load_address>
         <run_address>0xcef5</run_address>
         <size>0x22e</size>
         <input_file_ref idref="fl-10"/>
      </object_component>
      <object_component id="oc-276">
         <name>.debug_info</name>
         <load_address>0xd123</load_address>
         <run_address>0xd123</run_address>
         <size>0x19f</size>
         <input_file_ref idref="fl-11"/>
      </object_component>
      <object_component id="oc-11f">
         <name>.debug_info</name>
         <load_address>0xd2c2</load_address>
         <run_address>0xd2c2</run_address>
         <size>0xc86</size>
         <input_file_ref idref="fl-11"/>
      </object_component>
      <object_component id="oc-32">
         <name>.debug_info</name>
         <load_address>0xdf48</load_address>
         <run_address>0xdf48</run_address>
         <size>0x1c6</size>
         <input_file_ref idref="fl-11"/>
      </object_component>
      <object_component id="oc-173">
         <name>.debug_info</name>
         <load_address>0xe10e</load_address>
         <run_address>0xe10e</run_address>
         <size>0x1de</size>
         <input_file_ref idref="fl-11"/>
      </object_component>
      <object_component id="oc-271">
         <name>.debug_info</name>
         <load_address>0xe2ec</load_address>
         <run_address>0xe2ec</run_address>
         <size>0x129</size>
         <input_file_ref idref="fl-11"/>
      </object_component>
      <object_component id="oc-314">
         <name>.debug_info</name>
         <load_address>0xe415</load_address>
         <run_address>0xe415</run_address>
         <size>0x13c</size>
         <input_file_ref idref="fl-12"/>
      </object_component>
      <object_component id="oc-34c">
         <name>.debug_info</name>
         <load_address>0xe551</load_address>
         <run_address>0xe551</run_address>
         <size>0xc6d</size>
         <input_file_ref idref="fl-12"/>
      </object_component>
      <object_component id="oc-2c8">
         <name>.debug_info</name>
         <load_address>0xf1be</load_address>
         <run_address>0xf1be</run_address>
         <size>0x396</size>
         <input_file_ref idref="fl-12"/>
      </object_component>
      <object_component id="oc-293">
         <name>.debug_info</name>
         <load_address>0xf554</load_address>
         <run_address>0xf554</run_address>
         <size>0x508</size>
         <input_file_ref idref="fl-12"/>
      </object_component>
      <object_component id="oc-30f">
         <name>.debug_info</name>
         <load_address>0xfa5c</load_address>
         <run_address>0xfa5c</run_address>
         <size>0x43c</size>
         <input_file_ref idref="fl-12"/>
      </object_component>
      <object_component id="oc-2a4">
         <name>.debug_info</name>
         <load_address>0xfe98</load_address>
         <run_address>0xfe98</run_address>
         <size>0x122</size>
         <input_file_ref idref="fl-13"/>
      </object_component>
      <object_component id="oc-280">
         <name>.debug_info</name>
         <load_address>0xffba</load_address>
         <run_address>0xffba</run_address>
         <size>0x7c0</size>
         <input_file_ref idref="fl-13"/>
      </object_component>
      <object_component id="oc-17d">
         <name>.debug_info</name>
         <load_address>0x1077a</load_address>
         <run_address>0x1077a</run_address>
         <size>0x1f9</size>
         <input_file_ref idref="fl-13"/>
      </object_component>
      <object_component id="oc-326">
         <name>.debug_info</name>
         <load_address>0x10973</load_address>
         <run_address>0x10973</run_address>
         <size>0x12a</size>
         <input_file_ref idref="fl-13"/>
      </object_component>
      <object_component id="oc-2a5">
         <name>.debug_info</name>
         <load_address>0x10a9d</load_address>
         <run_address>0x10a9d</run_address>
         <size>0x1af</size>
         <input_file_ref idref="fl-14"/>
      </object_component>
      <object_component id="oc-182">
         <name>.debug_info</name>
         <load_address>0x10c4c</load_address>
         <run_address>0x10c4c</run_address>
         <size>0x3d3</size>
         <input_file_ref idref="fl-14"/>
      </object_component>
      <object_component id="oc-32d">
         <name>.debug_info</name>
         <load_address>0x1101f</load_address>
         <run_address>0x1101f</run_address>
         <size>0x2e3</size>
         <input_file_ref idref="fl-14"/>
      </object_component>
      <object_component id="oc-336">
         <name>.debug_info</name>
         <load_address>0x11302</load_address>
         <run_address>0x11302</run_address>
         <size>0x15b</size>
         <input_file_ref idref="fl-15"/>
      </object_component>
      <object_component id="oc-37b">
         <name>.debug_info</name>
         <load_address>0x1145d</load_address>
         <run_address>0x1145d</run_address>
         <size>0x77</size>
         <input_file_ref idref="fl-15"/>
      </object_component>
      <object_component id="oc-2cd">
         <name>.debug_info</name>
         <load_address>0x114d4</load_address>
         <run_address>0x114d4</run_address>
         <size>0x2e2</size>
         <input_file_ref idref="fl-15"/>
      </object_component>
      <object_component id="oc-376">
         <name>.debug_info</name>
         <load_address>0x117b6</load_address>
         <run_address>0x117b6</run_address>
         <size>0x34f</size>
         <input_file_ref idref="fl-15"/>
      </object_component>
      <object_component id="oc-338">
         <name>.debug_info</name>
         <load_address>0x11b05</load_address>
         <run_address>0x11b05</run_address>
         <size>0x14e</size>
         <input_file_ref idref="fl-16"/>
      </object_component>
      <object_component id="oc-2d2">
         <name>.debug_info</name>
         <load_address>0x11c53</load_address>
         <run_address>0x11c53</run_address>
         <size>0x2bc</size>
         <input_file_ref idref="fl-16"/>
      </object_component>
      <object_component id="oc-382">
         <name>.debug_info</name>
         <load_address>0x11f0f</load_address>
         <run_address>0x11f0f</run_address>
         <size>0x186</size>
         <input_file_ref idref="fl-16"/>
      </object_component>
      <object_component id="oc-2a2">
         <name>.debug_info</name>
         <load_address>0x12095</load_address>
         <run_address>0x12095</run_address>
         <size>0x183</size>
         <input_file_ref idref="fl-17"/>
      </object_component>
      <object_component id="oc-146">
         <name>.debug_info</name>
         <load_address>0x12218</load_address>
         <run_address>0x12218</run_address>
         <size>0x4de</size>
         <input_file_ref idref="fl-17"/>
      </object_component>
      <object_component id="oc-318">
         <name>.debug_info</name>
         <load_address>0x126f6</load_address>
         <run_address>0x126f6</run_address>
         <size>0x44e</size>
         <input_file_ref idref="fl-17"/>
      </object_component>
      <object_component id="oc-23c">
         <name>.debug_info</name>
         <load_address>0x12b44</load_address>
         <run_address>0x12b44</run_address>
         <size>0x3f2</size>
         <input_file_ref idref="fl-18"/>
      </object_component>
      <object_component id="oc-c0">
         <name>.debug_info</name>
         <load_address>0x12f36</load_address>
         <run_address>0x12f36</run_address>
         <size>0x1845</size>
         <input_file_ref idref="fl-18"/>
      </object_component>
      <object_component id="oc-14b">
         <name>.debug_info</name>
         <load_address>0x1477b</load_address>
         <run_address>0x1477b</run_address>
         <size>0x3ce</size>
         <input_file_ref idref="fl-18"/>
      </object_component>
      <object_component id="oc-2aa">
         <name>.debug_info</name>
         <load_address>0x14b49</load_address>
         <run_address>0x14b49</run_address>
         <size>0x306</size>
         <input_file_ref idref="fl-18"/>
      </object_component>
      <object_component id="oc-2af">
         <name>.debug_info</name>
         <load_address>0x14e4f</load_address>
         <run_address>0x14e4f</run_address>
         <size>0x7cd</size>
         <input_file_ref idref="fl-18"/>
      </object_component>
      <object_component id="oc-23d">
         <name>.debug_info</name>
         <load_address>0x1561c</load_address>
         <run_address>0x1561c</run_address>
         <size>0x673</size>
         <input_file_ref idref="fl-18"/>
      </object_component>
      <object_component id="oc-250">
         <name>.debug_info</name>
         <load_address>0x15c8f</load_address>
         <run_address>0x15c8f</run_address>
         <size>0x37b</size>
         <input_file_ref idref="fl-18"/>
      </object_component>
      <object_component id="oc-16e">
         <name>.debug_info</name>
         <load_address>0x1600a</load_address>
         <run_address>0x1600a</run_address>
         <size>0x1ca</size>
         <input_file_ref idref="fl-18"/>
      </object_component>
      <object_component id="oc-178">
         <name>.debug_info</name>
         <load_address>0x161d4</load_address>
         <run_address>0x161d4</run_address>
         <size>0x435</size>
         <input_file_ref idref="fl-18"/>
      </object_component>
      <object_component id="oc-29d">
         <name>.debug_info</name>
         <load_address>0x16609</load_address>
         <run_address>0x16609</run_address>
         <size>0x551</size>
         <input_file_ref idref="fl-18"/>
      </object_component>
      <object_component id="oc-187">
         <name>.debug_info</name>
         <load_address>0x16b5a</load_address>
         <run_address>0x16b5a</run_address>
         <size>0x1de</size>
         <input_file_ref idref="fl-18"/>
      </object_component>
      <object_component id="oc-2d7">
         <name>.debug_info</name>
         <load_address>0x16d38</load_address>
         <run_address>0x16d38</run_address>
         <size>0x243</size>
         <input_file_ref idref="fl-18"/>
      </object_component>
      <object_component id="oc-2dc">
         <name>.debug_info</name>
         <load_address>0x16f7b</load_address>
         <run_address>0x16f7b</run_address>
         <size>0x26c</size>
         <input_file_ref idref="fl-18"/>
      </object_component>
      <object_component id="oc-1cd">
         <name>.debug_info</name>
         <load_address>0x171e7</load_address>
         <run_address>0x171e7</run_address>
         <size>0x17a</size>
         <input_file_ref idref="fl-18"/>
      </object_component>
      <object_component id="oc-1d2">
         <name>.debug_info</name>
         <load_address>0x17361</load_address>
         <run_address>0x17361</run_address>
         <size>0x6a6</size>
         <input_file_ref idref="fl-18"/>
      </object_component>
      <object_component id="oc-1d7">
         <name>.debug_info</name>
         <load_address>0x17a07</load_address>
         <run_address>0x17a07</run_address>
         <size>0x13e</size>
         <input_file_ref idref="fl-18"/>
      </object_component>
      <object_component id="oc-290">
         <name>.debug_info</name>
         <load_address>0x17b45</load_address>
         <run_address>0x17b45</run_address>
         <size>0x109</size>
         <input_file_ref idref="fl-19"/>
      </object_component>
      <object_component id="oc-138">
         <name>.debug_info</name>
         <load_address>0x17c4e</load_address>
         <run_address>0x17c4e</run_address>
         <size>0x236</size>
         <input_file_ref idref="fl-19"/>
      </object_component>
      <object_component id="oc-7c">
         <name>.debug_info</name>
         <load_address>0x17e84</load_address>
         <run_address>0x17e84</run_address>
         <size>0x93b</size>
         <input_file_ref idref="fl-1d"/>
      </object_component>
      <object_component id="oc-3b">
         <name>.debug_info</name>
         <load_address>0x187bf</load_address>
         <run_address>0x187bf</run_address>
         <size>0x140</size>
         <input_file_ref idref="fl-1f"/>
      </object_component>
      <object_component id="oc-1e1">
         <name>.debug_info</name>
         <load_address>0x188ff</load_address>
         <run_address>0x188ff</run_address>
         <size>0x2bf</size>
         <input_file_ref idref="fl-20"/>
      </object_component>
      <object_component id="oc-12b">
         <name>.debug_info</name>
         <load_address>0x18bbe</load_address>
         <run_address>0x18bbe</run_address>
         <size>0x192</size>
         <input_file_ref idref="fl-20"/>
      </object_component>
      <object_component id="oc-150">
         <name>.debug_info</name>
         <load_address>0x18d50</load_address>
         <run_address>0x18d50</run_address>
         <size>0x6c3</size>
         <input_file_ref idref="fl-20"/>
      </object_component>
      <object_component id="oc-155">
         <name>.debug_info</name>
         <load_address>0x19413</load_address>
         <run_address>0x19413</run_address>
         <size>0x306</size>
         <input_file_ref idref="fl-20"/>
      </object_component>
      <object_component id="oc-a8">
         <name>.debug_info</name>
         <load_address>0x19719</load_address>
         <run_address>0x19719</run_address>
         <size>0x827</size>
         <input_file_ref idref="fl-20"/>
      </object_component>
      <object_component id="oc-15f">
         <name>.debug_info</name>
         <load_address>0x19f40</load_address>
         <run_address>0x19f40</run_address>
         <size>0x15f</size>
         <input_file_ref idref="fl-20"/>
      </object_component>
      <object_component id="oc-164">
         <name>.debug_info</name>
         <load_address>0x1a09f</load_address>
         <run_address>0x1a09f</run_address>
         <size>0x62</size>
         <input_file_ref idref="fl-20"/>
      </object_component>
      <object_component id="oc-18c">
         <name>.debug_info</name>
         <load_address>0x1a101</load_address>
         <run_address>0x1a101</run_address>
         <size>0x222</size>
         <input_file_ref idref="fl-20"/>
      </object_component>
      <object_component id="oc-191">
         <name>.debug_info</name>
         <load_address>0x1a323</load_address>
         <run_address>0x1a323</run_address>
         <size>0x2e9</size>
         <input_file_ref idref="fl-20"/>
      </object_component>
      <object_component id="oc-196">
         <name>.debug_info</name>
         <load_address>0x1a60c</load_address>
         <run_address>0x1a60c</run_address>
         <size>0x116</size>
         <input_file_ref idref="fl-20"/>
      </object_component>
      <object_component id="oc-19b">
         <name>.debug_info</name>
         <load_address>0x1a722</load_address>
         <run_address>0x1a722</run_address>
         <size>0x1ca</size>
         <input_file_ref idref="fl-20"/>
      </object_component>
      <object_component id="oc-1a0">
         <name>.debug_info</name>
         <load_address>0x1a8ec</load_address>
         <run_address>0x1a8ec</run_address>
         <size>0x1f2</size>
         <input_file_ref idref="fl-20"/>
      </object_component>
      <object_component id="oc-1a5">
         <name>.debug_info</name>
         <load_address>0x1aade</load_address>
         <run_address>0x1aade</run_address>
         <size>0x435</size>
         <input_file_ref idref="fl-20"/>
      </object_component>
      <object_component id="oc-1aa">
         <name>.debug_info</name>
         <load_address>0x1af13</load_address>
         <run_address>0x1af13</run_address>
         <size>0x1de</size>
         <input_file_ref idref="fl-20"/>
      </object_component>
      <object_component id="oc-1af">
         <name>.debug_info</name>
         <load_address>0x1b0f1</load_address>
         <run_address>0x1b0f1</run_address>
         <size>0x1e9</size>
         <input_file_ref idref="fl-20"/>
      </object_component>
      <object_component id="oc-1b4">
         <name>.debug_info</name>
         <load_address>0x1b2da</load_address>
         <run_address>0x1b2da</run_address>
         <size>0x17a</size>
         <input_file_ref idref="fl-20"/>
      </object_component>
      <object_component id="oc-1be">
         <name>.debug_info</name>
         <load_address>0x1b454</load_address>
         <run_address>0x1b454</run_address>
         <size>0x13e</size>
         <input_file_ref idref="fl-20"/>
      </object_component>
      <object_component id="oc-1c3">
         <name>.debug_info</name>
         <load_address>0x1b592</load_address>
         <run_address>0x1b592</run_address>
         <size>0x2cf</size>
         <input_file_ref idref="fl-20"/>
      </object_component>
      <object_component id="oc-315">
         <name>.debug_info</name>
         <load_address>0x1b861</load_address>
         <run_address>0x1b861</run_address>
         <size>0x128</size>
         <input_file_ref idref="fl-22"/>
      </object_component>
      <object_component id="oc-353">
         <name>.debug_info</name>
         <load_address>0x1b989</load_address>
         <run_address>0x1b989</run_address>
         <size>0x242</size>
         <input_file_ref idref="fl-22"/>
      </object_component>
      <object_component id="oc-298">
         <name>.debug_info</name>
         <load_address>0x1bbcb</load_address>
         <run_address>0x1bbcb</run_address>
         <size>0x2af</size>
         <input_file_ref idref="fl-22"/>
      </object_component>
      <object_component id="oc-40">
         <name>.debug_info</name>
         <load_address>0x1be7a</load_address>
         <run_address>0x1be7a</run_address>
         <size>0x177</size>
         <input_file_ref idref="fl-23"/>
      </object_component>
      <object_component id="oc-100">
         <name>.debug_info</name>
         <load_address>0x1bff1</load_address>
         <run_address>0x1bff1</run_address>
         <size>0x403</size>
         <input_file_ref idref="fl-25"/>
      </object_component>
      <object_component id="oc-103">
         <name>.debug_info</name>
         <load_address>0x1c3f4</load_address>
         <run_address>0x1c3f4</run_address>
         <size>0x4f8</size>
         <input_file_ref idref="fl-26"/>
      </object_component>
      <object_component id="oc-87">
         <name>.debug_info</name>
         <load_address>0x1c8ec</load_address>
         <run_address>0x1c8ec</run_address>
         <size>0x3271</size>
         <input_file_ref idref="fl-26"/>
      </object_component>
      <object_component id="oc-a5">
         <name>.debug_info</name>
         <load_address>0x1fb5d</load_address>
         <run_address>0x1fb5d</run_address>
         <size>0xa1e</size>
         <input_file_ref idref="fl-27"/>
      </object_component>
      <object_component id="oc-20">
         <name>.debug_info</name>
         <load_address>0x2057b</load_address>
         <run_address>0x2057b</run_address>
         <size>0x2bd</size>
         <input_file_ref idref="fl-27"/>
      </object_component>
      <object_component id="oc-99">
         <name>.debug_info</name>
         <load_address>0x20838</load_address>
         <run_address>0x20838</run_address>
         <size>0x7c1</size>
         <input_file_ref idref="fl-27"/>
      </object_component>
      <object_component id="oc-1b9">
         <name>.debug_info</name>
         <load_address>0x20ff9</load_address>
         <run_address>0x20ff9</run_address>
         <size>0x6bc</size>
         <input_file_ref idref="fl-27"/>
      </object_component>
      <object_component id="oc-cd">
         <name>.debug_info</name>
         <load_address>0x216b5</load_address>
         <run_address>0x216b5</run_address>
         <size>0x2d4</size>
         <input_file_ref idref="fl-28"/>
      </object_component>
      <object_component id="oc-38">
         <name>.debug_info</name>
         <load_address>0x21989</load_address>
         <run_address>0x21989</run_address>
         <size>0x10d</size>
         <input_file_ref idref="fl-28"/>
      </object_component>
      <object_component id="oc-4a">
         <name>.debug_info</name>
         <load_address>0x21a96</load_address>
         <run_address>0x21a96</run_address>
         <size>0x4f9</size>
         <input_file_ref idref="fl-28"/>
      </object_component>
      <object_component id="oc-46">
         <name>.debug_info</name>
         <load_address>0x21f8f</load_address>
         <run_address>0x21f8f</run_address>
         <size>0x23a</size>
         <input_file_ref idref="fl-28"/>
      </object_component>
      <object_component id="oc-244">
         <name>.debug_info</name>
         <load_address>0x221c9</load_address>
         <run_address>0x221c9</run_address>
         <size>0x5d</size>
         <input_file_ref idref="fl-28"/>
      </object_component>
      <object_component id="oc-13e">
         <name>.debug_info</name>
         <load_address>0x22226</load_address>
         <run_address>0x22226</run_address>
         <size>0x3c6</size>
         <input_file_ref idref="fl-29"/>
      </object_component>
      <object_component id="oc-9f">
         <name>.debug_info</name>
         <load_address>0x225ec</load_address>
         <run_address>0x225ec</run_address>
         <size>0x825</size>
         <input_file_ref idref="fl-29"/>
      </object_component>
      <object_component id="oc-27e">
         <name>.debug_info</name>
         <load_address>0x22e11</load_address>
         <run_address>0x22e11</run_address>
         <size>0x29e</size>
         <input_file_ref idref="fl-2e"/>
      </object_component>
      <object_component id="oc-125">
         <name>.debug_info</name>
         <load_address>0x230af</load_address>
         <run_address>0x230af</run_address>
         <size>0x158</size>
         <input_file_ref idref="fl-2e"/>
      </object_component>
      <object_component id="oc-e9">
         <name>.debug_info</name>
         <load_address>0x23207</load_address>
         <run_address>0x23207</run_address>
         <size>0x84</size>
         <input_file_ref idref="fl-2e"/>
      </object_component>
      <object_component id="oc-2f4">
         <name>.debug_info</name>
         <load_address>0x2328b</load_address>
         <run_address>0x2328b</run_address>
         <size>0x39</size>
         <input_file_ref idref="fl-2e"/>
      </object_component>
      <object_component id="oc-2f9">
         <name>.debug_info</name>
         <load_address>0x232c4</load_address>
         <run_address>0x232c4</run_address>
         <size>0xcd</size>
         <input_file_ref idref="fl-2e"/>
      </object_component>
      <object_component id="oc-5c">
         <name>.debug_info</name>
         <load_address>0x23391</load_address>
         <run_address>0x23391</run_address>
         <size>0x11c</size>
         <input_file_ref idref="fl-2f"/>
      </object_component>
      <object_component id="oc-f">
         <name>.debug_info</name>
         <load_address>0x234ad</load_address>
         <run_address>0x234ad</run_address>
         <size>0x1ab</size>
         <input_file_ref idref="fl-2f"/>
      </object_component>
      <object_component id="oc-57">
         <name>.debug_info</name>
         <load_address>0x23658</load_address>
         <run_address>0x23658</run_address>
         <size>0x46</size>
         <input_file_ref idref="fl-2f"/>
      </object_component>
      <object_component id="oc-e2">
         <name>.debug_info</name>
         <load_address>0x2369e</load_address>
         <run_address>0x2369e</run_address>
         <size>0x2c</size>
         <input_file_ref idref="fl-2f"/>
      </object_component>
      <object_component id="oc-64">
         <name>.debug_info</name>
         <load_address>0x236ca</load_address>
         <run_address>0x236ca</run_address>
         <size>0x115</size>
         <input_file_ref idref="fl-30"/>
      </object_component>
      <object_component id="oc-5e">
         <name>.debug_info</name>
         <load_address>0x237df</load_address>
         <run_address>0x237df</run_address>
         <size>0x228</size>
         <input_file_ref idref="fl-30"/>
      </object_component>
      <object_component id="oc-15">
         <name>.debug_info</name>
         <load_address>0x23a07</load_address>
         <run_address>0x23a07</run_address>
         <size>0x192</size>
         <input_file_ref idref="fl-30"/>
      </object_component>
      <object_component id="oc-65">
         <name>.debug_info</name>
         <load_address>0x23b99</load_address>
         <run_address>0x23b99</run_address>
         <size>0x39</size>
         <input_file_ref idref="fl-30"/>
      </object_component>
      <object_component id="oc-75">
         <name>.debug_info</name>
         <load_address>0x23bd2</load_address>
         <run_address>0x23bd2</run_address>
         <size>0x110</size>
         <input_file_ref idref="fl-31"/>
      </object_component>
      <object_component id="oc-1a">
         <name>.debug_info</name>
         <load_address>0x23ce2</load_address>
         <run_address>0x23ce2</run_address>
         <size>0x18b</size>
         <input_file_ref idref="fl-31"/>
      </object_component>
      <object_component id="oc-70">
         <name>.debug_info</name>
         <load_address>0x23e6d</load_address>
         <run_address>0x23e6d</run_address>
         <size>0x46</size>
         <input_file_ref idref="fl-31"/>
      </object_component>
      <object_component id="oc-2f1">
         <name>.debug_info</name>
         <load_address>0x23eb3</load_address>
         <run_address>0x23eb3</run_address>
         <size>0x1c1</size>
         <input_file_ref idref="fl-32"/>
      </object_component>
      <object_component id="oc-278">
         <name>.debug_info</name>
         <load_address>0x24074</load_address>
         <run_address>0x24074</run_address>
         <size>0x164</size>
         <input_file_ref idref="fl-32"/>
      </object_component>
      <object_component id="oc-342">
         <name>.debug_info</name>
         <load_address>0x241d8</load_address>
         <run_address>0x241d8</run_address>
         <size>0x2c</size>
         <input_file_ref idref="fl-32"/>
      </object_component>
      <object_component id="oc-28d">
         <name>.debug_info</name>
         <load_address>0x24204</load_address>
         <run_address>0x24204</run_address>
         <size>0x172</size>
         <input_file_ref idref="fl-33"/>
      </object_component>
      <object_component id="oc-28a">
         <name>.debug_info</name>
         <load_address>0x24376</load_address>
         <run_address>0x24376</run_address>
         <size>0x117</size>
         <input_file_ref idref="fl-33"/>
      </object_component>
      <object_component id="oc-132">
         <name>.debug_info</name>
         <load_address>0x2448d</load_address>
         <run_address>0x2448d</run_address>
         <size>0x1ee</size>
         <input_file_ref idref="fl-33"/>
      </object_component>
      <object_component id="oc-110">
         <name>.debug_info</name>
         <load_address>0x2467b</load_address>
         <run_address>0x2467b</run_address>
         <size>0x12c</size>
         <input_file_ref idref="fl-34"/>
      </object_component>
      <object_component id="oc-52">
         <name>.debug_info</name>
         <load_address>0x247a7</load_address>
         <run_address>0x247a7</run_address>
         <size>0xf6</size>
         <input_file_ref idref="fl-35"/>
      </object_component>
      <object_component id="oc-6b">
         <name>.debug_info</name>
         <load_address>0x2489d</load_address>
         <run_address>0x2489d</run_address>
         <size>0x124</size>
         <input_file_ref idref="fl-36"/>
      </object_component>
      <object_component id="oc-307">
         <name>.debug_info</name>
         <load_address>0x249c1</load_address>
         <run_address>0x249c1</run_address>
         <size>0x105</size>
         <input_file_ref idref="fl-38"/>
      </object_component>
      <object_component id="oc-287">
         <name>.debug_info</name>
         <load_address>0x24ac6</load_address>
         <run_address>0x24ac6</run_address>
         <size>0xf4</size>
         <input_file_ref idref="fl-38"/>
      </object_component>
      <object_component id="oc-301">
         <name>.debug_info</name>
         <load_address>0x24bba</load_address>
         <run_address>0x24bba</run_address>
         <size>0x200</size>
         <input_file_ref idref="fl-38"/>
      </object_component>
      <object_component id="oc-266">
         <name>.debug_info</name>
         <load_address>0x24dba</load_address>
         <run_address>0x24dba</run_address>
         <size>0x128</size>
         <input_file_ref idref="fl-39"/>
      </object_component>
      <object_component id="oc-3ab">
         <name>.debug_info</name>
         <load_address>0x24ee2</load_address>
         <run_address>0x24ee2</run_address>
         <size>0xcd</size>
      </object_component>
      <object_component id="oc-7a">
         <name>.debug_line</name>
         <load_address>0x0</load_address>
         <run_address>0x0</run_address>
         <size>0x161</size>
         <input_file_ref idref="fl-2"/>
      </object_component>
      <object_component id="oc-1e3">
         <name>.debug_line</name>
         <load_address>0x161</load_address>
         <run_address>0x161</run_address>
         <size>0x9a</size>
         <input_file_ref idref="fl-3"/>
      </object_component>
      <object_component id="oc-235">
         <name>.debug_line</name>
         <load_address>0x1fb</load_address>
         <run_address>0x1fb</run_address>
         <size>0x45</size>
         <input_file_ref idref="fl-3"/>
      </object_component>
      <object_component id="oc-28">
         <name>.debug_line</name>
         <load_address>0x240</load_address>
         <run_address>0x240</run_address>
         <size>0x1f1</size>
         <input_file_ref idref="fl-3"/>
      </object_component>
      <object_component id="oc-26">
         <name>.debug_line</name>
         <load_address>0x431</load_address>
         <run_address>0x431</run_address>
         <size>0xb6</size>
         <input_file_ref idref="fl-3"/>
      </object_component>
      <object_component id="oc-1e7">
         <name>.debug_line</name>
         <load_address>0x4e7</load_address>
         <run_address>0x4e7</run_address>
         <size>0x7d</size>
         <input_file_ref idref="fl-3"/>
      </object_component>
      <object_component id="oc-1ec">
         <name>.debug_line</name>
         <load_address>0x564</load_address>
         <run_address>0x564</run_address>
         <size>0x7d</size>
         <input_file_ref idref="fl-3"/>
      </object_component>
      <object_component id="oc-b7">
         <name>.debug_line</name>
         <load_address>0x5e1</load_address>
         <run_address>0x5e1</run_address>
         <size>0x77</size>
         <input_file_ref idref="fl-3"/>
      </object_component>
      <object_component id="oc-11c">
         <name>.debug_line</name>
         <load_address>0x658</load_address>
         <run_address>0x658</run_address>
         <size>0x75</size>
         <input_file_ref idref="fl-3"/>
      </object_component>
      <object_component id="oc-263">
         <name>.debug_line</name>
         <load_address>0x6cd</load_address>
         <run_address>0x6cd</run_address>
         <size>0x75</size>
         <input_file_ref idref="fl-3"/>
      </object_component>
      <object_component id="oc-15d">
         <name>.debug_line</name>
         <load_address>0x742</load_address>
         <run_address>0x742</run_address>
         <size>0x20</size>
         <input_file_ref idref="fl-3"/>
      </object_component>
      <object_component id="oc-1f1">
         <name>.debug_line</name>
         <load_address>0x762</load_address>
         <run_address>0x762</run_address>
         <size>0x7d</size>
         <input_file_ref idref="fl-3"/>
      </object_component>
      <object_component id="oc-239">
         <name>.debug_line</name>
         <load_address>0x7df</load_address>
         <run_address>0x7df</run_address>
         <size>0x60</size>
         <input_file_ref idref="fl-3"/>
      </object_component>
      <object_component id="oc-bc">
         <name>.debug_line</name>
         <load_address>0x83f</load_address>
         <run_address>0x83f</run_address>
         <size>0x82</size>
         <input_file_ref idref="fl-3"/>
      </object_component>
      <object_component id="oc-1f6">
         <name>.debug_line</name>
         <load_address>0x8c1</load_address>
         <run_address>0x8c1</run_address>
         <size>0x85</size>
         <input_file_ref idref="fl-3"/>
      </object_component>
      <object_component id="oc-1fb">
         <name>.debug_line</name>
         <load_address>0x946</load_address>
         <run_address>0x946</run_address>
         <size>0x85</size>
         <input_file_ref idref="fl-3"/>
      </object_component>
      <object_component id="oc-200">
         <name>.debug_line</name>
         <load_address>0x9cb</load_address>
         <run_address>0x9cb</run_address>
         <size>0x83</size>
         <input_file_ref idref="fl-3"/>
      </object_component>
      <object_component id="oc-205">
         <name>.debug_line</name>
         <load_address>0xa4e</load_address>
         <run_address>0xa4e</run_address>
         <size>0x7d</size>
         <input_file_ref idref="fl-3"/>
      </object_component>
      <object_component id="oc-20a">
         <name>.debug_line</name>
         <load_address>0xacb</load_address>
         <run_address>0xacb</run_address>
         <size>0x7d</size>
         <input_file_ref idref="fl-3"/>
      </object_component>
      <object_component id="oc-20f">
         <name>.debug_line</name>
         <load_address>0xb48</load_address>
         <run_address>0xb48</run_address>
         <size>0x7d</size>
         <input_file_ref idref="fl-3"/>
      </object_component>
      <object_component id="oc-214">
         <name>.debug_line</name>
         <load_address>0xbc5</load_address>
         <run_address>0xbc5</run_address>
         <size>0x7f</size>
         <input_file_ref idref="fl-3"/>
      </object_component>
      <object_component id="oc-219">
         <name>.debug_line</name>
         <load_address>0xc44</load_address>
         <run_address>0xc44</run_address>
         <size>0x7f</size>
         <input_file_ref idref="fl-3"/>
      </object_component>
      <object_component id="oc-21e">
         <name>.debug_line</name>
         <load_address>0xcc3</load_address>
         <run_address>0xcc3</run_address>
         <size>0x7d</size>
         <input_file_ref idref="fl-3"/>
      </object_component>
      <object_component id="oc-223">
         <name>.debug_line</name>
         <load_address>0xd40</load_address>
         <run_address>0xd40</run_address>
         <size>0x7d</size>
         <input_file_ref idref="fl-3"/>
      </object_component>
      <object_component id="oc-228">
         <name>.debug_line</name>
         <load_address>0xdbd</load_address>
         <run_address>0xdbd</run_address>
         <size>0x80</size>
         <input_file_ref idref="fl-3"/>
      </object_component>
      <object_component id="oc-22d">
         <name>.debug_line</name>
         <load_address>0xe3d</load_address>
         <run_address>0xe3d</run_address>
         <size>0x7f</size>
         <input_file_ref idref="fl-3"/>
      </object_component>
      <object_component id="oc-232">
         <name>.debug_line</name>
         <load_address>0xebc</load_address>
         <run_address>0xebc</run_address>
         <size>0x7d</size>
         <input_file_ref idref="fl-3"/>
      </object_component>
      <object_component id="oc-1cb">
         <name>.debug_line</name>
         <load_address>0xf39</load_address>
         <run_address>0xf39</run_address>
         <size>0x82</size>
         <input_file_ref idref="fl-3"/>
      </object_component>
      <object_component id="oc-24c">
         <name>.debug_line</name>
         <load_address>0xfbb</load_address>
         <run_address>0xfbb</run_address>
         <size>0xca</size>
         <input_file_ref idref="fl-4"/>
      </object_component>
      <object_component id="oc-84">
         <name>.debug_line</name>
         <load_address>0x1085</load_address>
         <run_address>0x1085</run_address>
         <size>0x16a</size>
         <input_file_ref idref="fl-4"/>
      </object_component>
      <object_component id="oc-33a">
         <name>.debug_line</name>
         <load_address>0x11ef</load_address>
         <run_address>0x11ef</run_address>
         <size>0x20</size>
         <input_file_ref idref="fl-5"/>
      </object_component>
      <object_component id="oc-2e9">
         <name>.debug_line</name>
         <load_address>0x120f</load_address>
         <run_address>0x120f</run_address>
         <size>0x45</size>
         <input_file_ref idref="fl-5"/>
      </object_component>
      <object_component id="oc-2eb">
         <name>.debug_line</name>
         <load_address>0x1254</load_address>
         <run_address>0x1254</run_address>
         <size>0x45</size>
         <input_file_ref idref="fl-5"/>
      </object_component>
      <object_component id="oc-10a">
         <name>.debug_line</name>
         <load_address>0x1299</load_address>
         <run_address>0x1299</run_address>
         <size>0x6c</size>
         <input_file_ref idref="fl-5"/>
      </object_component>
      <object_component id="oc-33e">
         <name>.debug_line</name>
         <load_address>0x1305</load_address>
         <run_address>0x1305</run_address>
         <size>0x45</size>
         <input_file_ref idref="fl-5"/>
      </object_component>
      <object_component id="oc-f4">
         <name>.debug_line</name>
         <load_address>0x134a</load_address>
         <run_address>0x134a</run_address>
         <size>0x60</size>
         <input_file_ref idref="fl-6"/>
      </object_component>
      <object_component id="oc-258">
         <name>.debug_line</name>
         <load_address>0x13aa</load_address>
         <run_address>0x13aa</run_address>
         <size>0x75</size>
         <input_file_ref idref="fl-8"/>
      </object_component>
      <object_component id="oc-256">
         <name>.debug_line</name>
         <load_address>0x141f</load_address>
         <run_address>0x141f</run_address>
         <size>0x46</size>
         <input_file_ref idref="fl-8"/>
      </object_component>
      <object_component id="oc-90">
         <name>.debug_line</name>
         <load_address>0x1465</load_address>
         <run_address>0x1465</run_address>
         <size>0x1c6</size>
         <input_file_ref idref="fl-8"/>
      </object_component>
      <object_component id="oc-26f">
         <name>.debug_line</name>
         <load_address>0x162b</load_address>
         <run_address>0x162b</run_address>
         <size>0x11f</size>
         <input_file_ref idref="fl-9"/>
      </object_component>
      <object_component id="oc-26d">
         <name>.debug_line</name>
         <load_address>0x174a</load_address>
         <run_address>0x174a</run_address>
         <size>0x4a</size>
         <input_file_ref idref="fl-9"/>
      </object_component>
      <object_component id="oc-96">
         <name>.debug_line</name>
         <load_address>0x1794</load_address>
         <run_address>0x1794</run_address>
         <size>0x1068</size>
         <input_file_ref idref="fl-9"/>
      </object_component>
      <object_component id="oc-2e2">
         <name>.debug_line</name>
         <load_address>0x27fc</load_address>
         <run_address>0x27fc</run_address>
         <size>0x20</size>
         <input_file_ref idref="fl-a"/>
      </object_component>
      <object_component id="oc-144">
         <name>.debug_line</name>
         <load_address>0x281c</load_address>
         <run_address>0x281c</run_address>
         <size>0x70</size>
         <input_file_ref idref="fl-a"/>
      </object_component>
      <object_component id="oc-c9">
         <name>.debug_line</name>
         <load_address>0x288c</load_address>
         <run_address>0x288c</run_address>
         <size>0x75</size>
         <input_file_ref idref="fl-a"/>
      </object_component>
      <object_component id="oc-da">
         <name>.debug_line</name>
         <load_address>0x2901</load_address>
         <run_address>0x2901</run_address>
[...]
         <value>0xa524</value>
         <object_component_ref idref="oc-7b"/>
      </symbol>
      <symbol id="sm-64a">
         <name>_gotoCPUIdle_</name>
         <value>0xa378</value>
         <object_component_ref idref="oc-7b"/>
      </symbol>
      <symbol id="sm-64b">
         <name>_coreEnableIrqVicOffset_</name>
         <value>0xa444</value>
         <object_component_ref idref="oc-7b"/>
      </symbol>
      <symbol id="sm-64c">
         <name>_coreGetInstructionFault_</name>
         <value>0xa478</value>
         <object_component_ref idref="oc-7b"/>
      </symbol>
      <symbol id="sm-64d">
         <name>_coreEnableVfp_</name>
         <value>0xa390</value>
         <object_component_ref idref="oc-7b"/>
      </symbol>
      <symbol id="sm-64e">
         <name>_coreClearAuxiliaryDataFault_</name>
         <value>0xa4d4</value>
         <object_component_ref idref="oc-7b"/>
      </symbol>
      <symbol id="sm-64f">
         <name>_coreEnableEventBusExport_</name>
         <value>0xa3b0</value>
         <object_component_ref idref="oc-7b"/>
      </symbol>
      <symbol id="sm-65c">
         <name>resetEntry</name>
         <value>0x0</value>
         <object_component_ref idref="oc-3a"/>
      </symbol>
      <symbol id="sm-6bf">
         <name>main</name>
         <value>0xb4e4</value>
         <object_component_ref idref="oc-12a"/>
      </symbol>
      <symbol id="sm-6d8">
         <name>phantomInterrupt</name>
         <value>0xb6d0</value>
         <object_component_ref idref="oc-3f"/>
      </symbol>
      <symbol id="sm-6e2">
         <name>_pmuResetCounters_</name>
         <value>0xb158</value>
         <object_component_ref idref="oc-fd"/>
      </symbol>
      <symbol id="sm-6e3">
         <name>_pmuGetEventCount_</name>
         <value>0xb194</value>
         <object_component_ref idref="oc-fd"/>
      </symbol>
      <symbol id="sm-6e4">
         <name>_pmuResetEventCounters_</name>
         <value>0xb140</value>
         <object_component_ref idref="oc-fd"/>
      </symbol>
      <symbol id="sm-6e5">
         <name>_pmuStopCounters_</name>
         <value>0xb178</value>
         <object_component_ref idref="oc-fd"/>
      </symbol>
      <symbol id="sm-6e6">
         <name>_pmuInit_</name>
         <value>0xb0a4</value>
         <object_component_ref idref="oc-fd"/>
      </symbol>
      <symbol id="sm-6e7">
         <name>_pmuGetOverflow_</name>
         <value>0xb1a0</value>
         <object_component_ref idref="oc-fd"/>
      </symbol>
      <symbol id="sm-6e8">
         <name>_pmuResetCycleCounter_</name>
         <value>0xb128</value>
         <object_component_ref idref="oc-fd"/>
      </symbol>
      <symbol id="sm-6e9">
         <name>_pmuSetCountEvent_</name>
         <value>0xb180</value>
         <object_component_ref idref="oc-fd"/>
      </symbol>
      <symbol id="sm-6ea">
         <name>_pmuGetCycleCount_</name>
         <value>0xb18c</value>
         <object_component_ref idref="oc-fd"/>
      </symbol>
      <symbol id="sm-6eb">
         <name>_pmuEnableCountersGlobal_</name>
         <value>0xb0f8</value>
         <object_component_ref idref="oc-fd"/>
      </symbol>
      <symbol id="sm-6ec">
         <name>_pmuDisableCountersGlobal_</name>
         <value>0xb110</value>
         <object_component_ref idref="oc-fd"/>
      </symbol>
      <symbol id="sm-6ed">
         <name>_pmuStartCounters_</name>
         <value>0xb170</value>
         <object_component_ref idref="oc-fd"/>
      </symbol>
      <symbol id="sm-8ad">
         <name>pbistSelfCheck</name>
         <value>0x3d7c</value>
         <object_component_ref idref="oc-86"/>
      </symbol>
      <symbol id="sm-8ae">
         <name>fmcBus1ParityCheck</name>
         <value>0x5d74</value>
         <object_component_ref idref="oc-86"/>
      </symbol>
      <symbol id="sm-8af">
         <name>can1ParityCheck</name>
         <value>0x4ec0</value>
         <object_component_ref idref="oc-86"/>
      </symbol>
      <symbol id="sm-8b0">
         <name>enableParity</name>
         <value>0x6580</value>
         <object_component_ref idref="oc-86"/>
      </symbol>
      <symbol id="sm-8b1">
         <name>dmaParityCheck</name>
         <value>0x495c</value>
         <object_component_ref idref="oc-86"/>
      </symbol>
      <symbol id="sm-8b2">
         <name>custom_dabort</name>
         <value>0x48a4</value>
         <object_component_ref idref="oc-86"/>
      </symbol>
      <symbol id="sm-8b3">
         <name>memoryInit</name>
         <value>0x3c24</value>
         <object_component_ref idref="oc-86"/>
      </symbol>
      <symbol id="sm-8b4">
         <name>stcSelfCheck</name>
         <value>0x3c68</value>
         <object_component_ref idref="oc-86"/>
      </symbol>
      <symbol id="sm-8b5">
         <name>efcGetConfigValue</name>
         <value>0x6110</value>
         <object_component_ref idref="oc-86"/>
      </symbol>
      <symbol id="sm-8b6">
         <name>can2ParityCheck</name>
         <value>0x4f98</value>
         <object_component_ref idref="oc-86"/>
      </symbol>
      <symbol id="sm-8b7">
         <name>het1ParityCheck</name>
         <value>0x4a08</value>
         <object_component_ref idref="oc-86"/>
      </symbol>
      <symbol id="sm-8b8">
         <name>adc1ParityCheck</name>
         <value>0x4d1c</value>
         <object_component_ref idref="oc-86"/>
      </symbol>
      <symbol id="sm-8b9">
         <name>checkefcSelfTest</name>
         <value>0x426c</value>
         <object_component_ref idref="oc-86"/>
      </symbol>
      <symbol id="sm-8ba">
         <name>checkRAMECC</name>
         <value>0x5480</value>
         <object_component_ref idref="oc-86"/>
      </symbol>
      <symbol id="sm-8bb">
         <name>stcSelfCheckFail</name>
         <value>0x48a8</value>
         <object_component_ref idref="oc-86"/>
      </symbol>
      <symbol id="sm-8bc">
         <name>ccmSelfCheck</name>
         <value>0x3ae0</value>
         <object_component_ref idref="oc-86"/>
      </symbol>
      <symbol id="sm-8bd">
         <name>efcCheck</name>
         <value>0x4110</value>
         <object_component_ref idref="oc-86"/>
      </symbol>
      <symbol id="sm-8be">
         <name>het2ParityCheck</name>
         <value>0x4b70</value>
         <object_component_ref idref="oc-86"/>
      </symbol>
      <symbol id="sm-8bf">
         <name>adc2ParityCheck</name>
         <value>0x4e08</value>
         <object_component_ref idref="oc-86"/>
      </symbol>
      <symbol id="sm-8c0">
         <name>cpuSelfTest</name>
         <value>0x3ce4</value>
         <object_component_ref idref="oc-86"/>
      </symbol>
      <symbol id="sm-8c1">
         <name>htu1ParityCheck</name>
         <value>0x4ab4</value>
         <object_component_ref idref="oc-86"/>
      </symbol>
      <symbol id="sm-8c2">
         <name>checkFlashECC</name>
         <value>0x47c8</value>
         <object_component_ref idref="oc-86"/>
      </symbol>
      <symbol id="sm-8c3">
         <name>cpuSelfTestFail</name>
         <value>0x48ac</value>
         <object_component_ref idref="oc-86"/>
      </symbol>
      <symbol id="sm-8c4">
         <name>checkPLL1Slip</name>
         <value>0x593c</value>
         <object_component_ref idref="oc-86"/>
      </symbol>
      <symbol id="sm-8c5">
         <name>mibspi1ParityCheck</name>
         <value>0x5134</value>
         <object_component_ref idref="oc-86"/>
      </symbol>
      <symbol id="sm-8c6">
         <name>ccmr4GetConfigValue</name>
         <value>0x61ac</value>
         <object_component_ref idref="oc-86"/>
      </symbol>
      <symbol id="sm-8c7">
         <name>htu2ParityCheck</name>
         <value>0x4c6c</value>
         <object_component_ref idref="oc-86"/>
      </symbol>
      <symbol id="sm-8c8">
         <name>pbistPortTestStatus</name>
         <value>0x40b8</value>
         <object_component_ref idref="oc-86"/>
      </symbol>
      <symbol id="sm-8c9">
         <name>checkFlashEEPROMECC</name>
         <value>0x57a4</value>
         <object_component_ref idref="oc-86"/>
      </symbol>
      <symbol id="sm-8ca">
         <name>pbistGetConfigValue</name>
         <value>0x5f20</value>
         <object_component_ref idref="oc-86"/>
      </symbol>
      <symbol id="sm-8cb">
         <name>vimParityCheck</name>
         <value>0x48b0</value>
         <object_component_ref idref="oc-86"/>
      </symbol>
      <symbol id="sm-8cc">
         <name>pbistIsTestCompleted</name>
         <value>0x4058</value>
         <object_component_ref idref="oc-86"/>
      </symbol>
      <symbol id="sm-8cd">
         <name>disableParity</name>
         <value>0x6608</value>
         <object_component_ref idref="oc-86"/>
      </symbol>
      <symbol id="sm-8ce">
         <name>pbistRun</name>
         <value>0x3f5c</value>
         <object_component_ref idref="oc-86"/>
      </symbol>
      <symbol id="sm-8cf">
         <name>pbistFail</name>
         <value>0x5e9c</value>
         <object_component_ref idref="oc-86"/>
      </symbol>
      <symbol id="sm-8d0">
         <name>selftestFailNotification</name>
         <value>0x3ad0</value>
         <object_component_ref idref="oc-86"/>
      </symbol>
      <symbol id="sm-8d1">
         <name>errata_PBIST_4</name>
         <value>0x621c</value>
         <object_component_ref idref="oc-86"/>
      </symbol>
      <symbol id="sm-8d2">
         <name>mibspi3ParityCheck</name>
         <value>0x523c</value>
         <object_component_ref idref="oc-86"/>
      </symbol>
      <symbol id="sm-8d3">
         <name>efcSelfTest</name>
         <value>0x4244</value>
         <object_component_ref idref="oc-86"/>
      </symbol>
      <symbol id="sm-8d4">
         <name>checkB1RAMECC</name>
         <value>0x45d8</value>
         <object_component_ref idref="oc-86"/>
      </symbol>
      <symbol id="sm-8d5">
         <name>pbistStop</name>
         <value>0x4028</value>
         <object_component_ref idref="oc-86"/>
      </symbol>
      <symbol id="sm-8d6">
         <name>can3ParityCheck</name>
         <value>0x5060</value>
         <object_component_ref idref="oc-86"/>
      </symbol>
      <symbol id="sm-8d7">
         <name>checkRAMAddrParity</name>
         <value>0x5b00</value>
         <object_component_ref idref="oc-86"/>
      </symbol>
      <symbol id="sm-8d8">
         <name>mibspi5ParityCheck</name>
         <value>0x5360</value>
         <object_component_ref idref="oc-86"/>
      </symbol>
      <symbol id="sm-8d9">
         <name>checkB0RAMECC</name>
         <value>0x43e8</value>
         <object_component_ref idref="oc-86"/>
      </symbol>
      <symbol id="sm-8da">
         <name>stcGetConfigValue</name>
         <value>0x606c</value>
         <object_component_ref idref="oc-86"/>
      </symbol>
      <symbol id="sm-8db">
         <name>pbistIsTestPassed</name>
         <value>0x4084</value>
         <object_component_ref idref="oc-86"/>
      </symbol>
      <symbol id="sm-8dc">
         <name>checkClockMonitor</name>
         <value>0x56c8</value>
         <object_component_ref idref="oc-86"/>
      </symbol>
      <symbol id="sm-8dd">
         <name>fmcECCcheck</name>
         <value>0x4348</value>
         <object_component_ref idref="oc-86"/>
      </symbol>
      <symbol id="sm-8de">
         <name>fmcBus2Check</name>
         <value>0x430c</value>
         <object_component_ref idref="oc-86"/>
      </symbol>
      <symbol id="sm-8df">
         <name>checkRAMUERRTest</name>
         <value>0x5c0c</value>
         <object_component_ref idref="oc-86"/>
      </symbol>
      <symbol id="sm-8e0">
         <name>efcStuckZeroTest</name>
         <value>0x4198</value>
         <object_component_ref idref="oc-86"/>
      </symbol>
      <symbol id="sm-8e1">
         <name>checkPLL2Slip</name>
         <value>0x5a3c</value>
         <object_component_ref idref="oc-86"/>
      </symbol>
      <symbol id="sm-942">
         <name>resetReason</name>
         <value>0x800168c</value>
      </symbol>
      <symbol id="sm-943">
         <name>afterSTC</name>
         <value>0x9a34</value>
         <object_component_ref idref="oc-98"/>
      </symbol>
      <symbol id="sm-944">
         <name>_c_int00</name>
         <value>0xacb0</value>
         <object_component_ref idref="oc-1f"/>
      </symbol>
      <symbol id="sm-945">
         <name>esmCallBackFunction</name>
         <value>0x9e18</value>
         <object_component_ref idref="oc-98"/>
      </symbol>
      <symbol id="sm-9f3">
         <name>vimChannelMap</name>
         <value>0x73ac</value>
         <object_component_ref idref="oc-49"/>
      </symbol>
      <symbol id="sm-9f4">
         <name>vimInit</name>
         <value>0x72d8</value>
         <object_component_ref idref="oc-49"/>
      </symbol>
      <symbol id="sm-9f5">
         <name>vimEnableInterrupt</name>
         <value>0x7450</value>
         <object_component_ref idref="oc-49"/>
      </symbol>
      <symbol id="sm-9f6">
         <name>vimDisableInterrupt</name>
         <value>0x7618</value>
         <object_component_ref idref="oc-49"/>
      </symbol>
      <symbol id="sm-9f7">
         <name>vimGetConfigValue</name>
         <value>0x76c4</value>
         <object_component_ref idref="oc-49"/>
      </symbol>
      <symbol id="sm-9f8">
         <name>vimParityErrorHandler</name>
         <value>0xa5e4</value>
         <object_component_ref idref="oc-45"/>
      </symbol>
      <symbol id="sm-a52">
         <name>systemGetConfigValue</name>
         <value>0x6b10</value>
         <object_component_ref idref="oc-9e"/>
      </symbol>
      <symbol id="sm-a53">
         <name>trimLPO</name>
         <value>0x680c</value>
         <object_component_ref idref="oc-9e"/>
      </symbol>
      <symbol id="sm-a54">
         <name>systemInit</name>
         <value>0x6a10</value>
         <object_component_ref idref="oc-9e"/>
      </symbol>
      <symbol id="sm-a55">
         <name>tcmflashGetConfigValue</name>
         <value>0x6f24</value>
         <object_component_ref idref="oc-9e"/>
      </symbol>
      <symbol id="sm-a56">
         <name>sramGetConfigValue</name>
         <value>0x70d0</value>
         <object_component_ref idref="oc-9e"/>
      </symbol>
      <symbol id="sm-a57">
         <name>periphInit</name>
         <value>0x6894</value>
         <object_component_ref idref="oc-9e"/>
      </symbol>
      <symbol id="sm-a58">
         <name>setupFlash</name>
         <value>0x6854</value>
         <object_component_ref idref="oc-9e"/>
      </symbol>
      <symbol id="sm-a59">
         <name>setupPLL</name>
         <value>0x67ac</value>
         <object_component_ref idref="oc-9e"/>
      </symbol>
      <symbol id="sm-a5a">
         <name>mapClocks</name>
         <value>0x68e8</value>
         <object_component_ref idref="oc-9e"/>
      </symbol>
      <symbol id="sm-a5b">
         <name>systemPowerDown</name>
         <value>0x6ae0</value>
         <object_component_ref idref="oc-9e"/>
      </symbol>
      <symbol id="sm-a86">
         <name>__TI_auto_init</name>
         <value>0xb479</value>
         <object_component_ref idref="oc-124"/>
      </symbol>
      <symbol id="sm-a9d">
         <name>__TI_decompress_none</name>
         <value>0xb6b1</value>
         <object_component_ref idref="oc-d"/>
      </symbol>
      <symbol id="sm-abf">
         <name>__TI_decompress_rle24</name>
         <value>0xb6cb</value>
         <object_component_ref idref="oc-13"/>
      </symbol>
      <symbol id="sm-ad1">
         <name>__TI_zero_init</name>
         <value>0xb6bf</value>
         <object_component_ref idref="oc-19"/>
      </symbol>
      <symbol id="sm-aeb">
         <name>copy_in</name>
         <value>0xb611</value>
         <object_component_ref idref="oc-277"/>
      </symbol>
      <symbol id="sm-b0a">
         <name>C$$EXIT</name>
         <value>0xb65d</value>
         <object_component_ref idref="oc-130"/>
      </symbol>
      <symbol id="sm-b0b">
         <name>abort</name>
         <value>0xb661</value>
         <object_component_ref idref="oc-130"/>
      </symbol>
      <symbol id="sm-b0c">
         <name>exit</name>
         <value>0xb669</value>
         <object_component_ref idref="oc-130"/>
      </symbol>
      <symbol id="sm-b0d">
         <name>__TI_dtors_ptr</name>
         <value>0x80016ec</value>
         <object_component_ref idref="oc-289"/>
      </symbol>
      <symbol id="sm-b0e">
         <name>__TI_cleanup_ptr</name>
         <value>0x80016e8</value>
         <object_component_ref idref="oc-289"/>
      </symbol>
      <symbol id="sm-b1d">
         <name>__aeabi_idivmod</name>
         <value>0xb5bc</value>
         <object_component_ref idref="oc-10f"/>
      </symbol>
      <symbol id="sm-b1e">
         <name>__aeabi_idiv</name>
         <value>0xb5bc</value>
         <object_component_ref idref="oc-10f"/>
      </symbol>
      <symbol id="sm-b39">
         <name>memcpy</name>
         <value>0xb361</value>
         <object_component_ref idref="oc-51"/>
      </symbol>
      <symbol id="sm-b3a">
         <name>__aeabi_memcpy</name>
         <value>0xb361</value>
         <object_component_ref idref="oc-51"/>
      </symbol>
      <symbol id="sm-b3b">
         <name>__aeabi_memcpy8</name>
         <value>0xb361</value>
         <object_component_ref idref="oc-51"/>
      </symbol>
      <symbol id="sm-b3c">
         <name>__aeabi_memcpy4</name>
         <value>0xb361</value>
         <object_component_ref idref="oc-51"/>
      </symbol>
      <symbol id="sm-b4b">
         <name>__aeabi_memset</name>
         <value>0xb3ff</value>
         <object_component_ref idref="oc-6a"/>
      </symbol>
      <symbol id="sm-b4c">
         <name>memset</name>
         <value>0xb405</value>
         <object_component_ref idref="oc-6a"/>
      </symbol>
      <symbol id="sm-b4d">
         <name>__aeabi_memset8</name>
         <value>0xb3ff</value>
         <object_component_ref idref="oc-6a"/>
      </symbol>
      <symbol id="sm-b4e">
         <name>__aeabi_memset4</name>
         <value>0xb3ff</value>
         <object_component_ref idref="oc-6a"/>
      </symbol>
      <symbol id="sm-b4f">
         <name>__aeabi_memclr8</name>
         <value>0xb3fd</value>
         <object_component_ref idref="oc-6a"/>
      </symbol>
      <symbol id="sm-b50">
         <name>__aeabi_memclr4</name>
         <value>0xb3fd</value>
         <object_component_ref idref="oc-6a"/>
      </symbol>
      <symbol id="sm-b51">
         <name>__aeabi_memclr</name>
         <value>0xb3fd</value>
         <object_component_ref idref="oc-6a"/>
      </symbol>
      <symbol id="sm-b6d">
         <name>_nop</name>
         <value>0xb6ab</value>
         <object_component_ref idref="oc-2ff"/>
      </symbol>
      <symbol id="sm-b6e">
         <name>_lock</name>
         <value>0x80016e0</value>
         <object_component_ref idref="oc-286"/>
      </symbol>
      <symbol id="sm-b6f">
         <name>_unlock</name>
         <value>0x80016e4</value>
         <object_component_ref idref="oc-286"/>
      </symbol>
      <symbol id="sm-b70">
         <name>_register_lock</name>
         <value>0xb6a3</value>
         <object_component_ref idref="oc-2ff"/>
      </symbol>
      <symbol id="sm-b71">
         <name>_register_unlock</name>
         <value>0xb69d</value>
         <object_component_ref idref="oc-2ff"/>
      </symbol>
      <symbol id="sm-b7b">
         <name>__aeabi_idiv0</name>
         <value>0xb477</value>
         <object_component_ref idref="oc-265"/>
      </symbol>
      <symbol id="sm-b7c">
         <name>__TI_static_base__</name>
         <value>0x0</value>
      </symbol>
      <symbol id="sm-b80">
         <name>SHT$$INIT_ARRAY$$Base</name>
         <value>0x0</value>
      </symbol>
      <symbol id="sm-b81">
         <name>SHT$$INIT_ARRAY$$Limit</name>
         <value>0x0</value>
      </symbol>
   </symbol_table>
   <title>Link successful</title>
</link_info>
